Component: ARM Compiler 5.05 update 1 (build 106) Tool: armlink [4d0efa]

==============================================================================

Section Cross References

    retarget.o(.rev16_text) refers (Special) to use_no_semi.o(.text) for __use_no_semihosting_swi
    retarget.o(.revsh_text) refers (Special) to use_no_semi.o(.text) for __use_no_semihosting_swi
    retarget.o(.rrx_text) refers (Special) to use_no_semi.o(.text) for __use_no_semihosting_swi
    retarget.o(.text) refers (Special) to use_no_semi.o(.text) for __use_no_semihosting_swi
    retarget.o(.text) refers to retarget.o(.data) for c
    retarget.o(.text) refers to usart_tm4c123.o(.constdata) for Driver_USART0
    retarget.o(.data) refers (Special) to use_no_semi.o(.text) for __use_no_semihosting_swi
    peripherals.o(.text) refers to peripherals.o(.data) for counter
    peripherals.o(.text) refers to usart_tm4c123.o(.constdata) for Driver_USART0
    trace.o(.text) refers to _printf_percent.o(.ARM.Collect$$_printf_percent$$00000000) for _printf_percent
    trace.o(.text) refers to _printf_s.o(.ARM.Collect$$_printf_percent$$00000014) for _printf_s
    trace.o(.text) refers to _printf_str.o(.text) for _printf_str
    trace.o(.text) refers to strlen.o(.text) for strlen
    trace.o(.text) refers to strcpy.o(.text) for strcpy
    trace.o(.text) refers to noretval__2printf.o(.text) for __2printf
    trace.o(.text) refers to rt_memclr.o(.text) for __aeabi_memclr
    trace.o(.text) refers to trace.o(.data) for trace_counter
    trace.o(.text) refers to trace.o(.bss) for trace_table
    kernel.o(.emb_text) refers to kernel.o(.text) for SVC_Handler_C
    kernel.o(.emb_text) refers to kernel.o(.data) for svc_exc_return
    kernel.o(.emb_text) refers to threads.o(.data) for rtr_q_h
    kernel.o(.text) refers to threadidle.o(.text) for Init_threadIdle
    kernel.o(.text) refers to peripherals.o(.text) for unprotected_LED_blink
    kernel.o(.text) refers to kernel.o(.data) for kernel_busy
    kernel.o(.text) refers to threads.o(.data) for rtr_q_h
    threads.o(.text) refers to kernel.o(.text) for os_KernelInvokeScheduler
    threads.o(.text) refers to semaphores.o(.text) for osRemoveBlockedQ
    threads.o(.text) refers to threads.o(.data) for thread_list_h
    threads.o(.text) refers to kernel.o(.data) for curr_task
    semaphores.o(.text) refers to threads.o(.text) for osThreadGetId
    semaphores.o(.text) refers to kernel.o(.text) for os_KernelInvokeScheduler
    semaphores.o(.text) refers to semaphores.o(.data) for ResourceHead
    semaphores.o(.text) refers to kernel.o(.data) for curr_task
    semaphores.o(.text) refers to lludivv7m.o(.text) for __aeabi_uldivmod
    threadidle.o(.text) refers to threads.o(.text) for osThreadCreate
    threadidle.o(.text) refers to noretval__2printf.o(.text) for __2printf
    threadidle.o(.text) refers to protectedtrace.o(.text) for dumpTraceProtected
    threadidle.o(.text) refers to threadidle.o(.data) for os_thread_def_threadIdle
    threadidle.o(.data) refers to threadidle.o(.bss) for task_stack_threadIdle
    threadidle.o(.data) refers to threadidle.o(.text) for threadIdle
    protectedtrace.o(.text) refers to semaphores.o(.text) for osSemaphoreWait
    protectedtrace.o(.text) refers to trace.o(.text) for addTrace
    protectedtrace.o(.text) refers to sem1.o(.data) for sid_Semaphore1
    sem1.o(.text) refers to semaphores.o(.text) for osSemaphoreCreate
    sem1.o(.text) refers to noretval__2printf.o(.text) for __2printf
    sem1.o(.text) refers to sem1.o(.bss) for os_semaphore_def_Semaphore1
    sem1.o(.text) refers to sem1.o(.data) for sid_Semaphore1
    sem2.o(.text) refers to semaphores.o(.text) for osSemaphoreCreate
    sem2.o(.text) refers to noretval__2printf.o(.text) for __2printf
    sem2.o(.text) refers to sem2.o(.bss) for os_semaphore_def_Semaphore2
    sem2.o(.text) refers to sem2.o(.data) for sid_Semaphore2
    thread1.o(.text) refers to _printf_percent.o(.ARM.Collect$$_printf_percent$$00000000) for _printf_percent
    thread1.o(.text) refers to _printf_d.o(.ARM.Collect$$_printf_percent$$00000009) for _printf_d
    thread1.o(.text) refers to _printf_dec.o(.text) for _printf_int_dec
    thread1.o(.text) refers to threads.o(.text) for osThreadCreate
    thread1.o(.text) refers to noretval__2printf.o(.text) for __2printf
    thread1.o(.text) refers to semaphores.o(.text) for osPcpSemaphoreWait
    thread1.o(.text) refers to thread1.o(.data) for os_thread_def_thread1
    thread1.o(.text) refers to sem2.o(.data) for sid_Semaphore2
    thread1.o(.data) refers to thread1.o(.bss) for task_stack_thread1
    thread1.o(.data) refers to thread1.o(.text) for thread1
    thread2.o(.text) refers to _printf_percent.o(.ARM.Collect$$_printf_percent$$00000000) for _printf_percent
    thread2.o(.text) refers to _printf_d.o(.ARM.Collect$$_printf_percent$$00000009) for _printf_d
    thread2.o(.text) refers to _printf_dec.o(.text) for _printf_int_dec
[...]
    __rtentry2.o(.ARM.Collect$$rtentry$$0000000D) refers to main.o(.text) for main
    __rtentry2.o(.ARM.Collect$$rtentry$$0000000D) refers to exit.o(.text) for exit
    __rtentry2.o(.ARM.exidx) refers to __rtentry2.o(.ARM.Collect$$rtentry$$00000001) for .ARM.Collect$$rtentry$$00000001
    __rtentry2.o(.ARM.exidx) refers to __rtentry2.o(.ARM.Collect$$rtentry$$00000008) for .ARM.Collect$$rtentry$$00000008
    __rtentry2.o(.ARM.exidx) refers to __rtentry2.o(.ARM.Collect$$rtentry$$0000000A) for .ARM.Collect$$rtentry$$0000000A
    __rtentry2.o(.ARM.exidx) refers to __rtentry2.o(.ARM.Collect$$rtentry$$0000000B) for .ARM.Collect$$rtentry$$0000000B
    __rtentry2.o(.ARM.exidx) refers to __rtentry2.o(.ARM.Collect$$rtentry$$0000000D) for .ARM.Collect$$rtentry$$0000000D
    __rtentry4.o(.ARM.Collect$$rtentry$$00000004) refers to sys_stackheap_outer.o(.text) for __user_setup_stackheap
    __rtentry4.o(.ARM.exidx) refers to __rtentry4.o(.ARM.Collect$$rtentry$$00000004) for .ARM.Collect$$rtentry$$00000004
    rt_div0.o(.text) refers to defsig_fpe_outer.o(.text) for __rt_SIGFPE
    _printf_char_common.o(.text) refers to __printf.o(.text) for __printf
    sys_stackheap_outer.o(.text) refers to libspace.o(.text) for __user_perproc_libspace
    sys_stackheap_outer.o(.text) refers to startup_tm4c123.o(.text) for __user_initial_stackheap
    exit.o(.text) refers to rtexit.o(.ARM.Collect$$rtexit$$00000000) for __rt_exit
    defsig_fpe_outer.o(.text) refers to defsig_fpe_inner.o(.text) for __rt_SIGFPE_inner
    defsig_fpe_outer.o(.text) refers to defsig_exit.o(.text) for __sig_exit
    defsig_fpe_formal.o(.text) refers to rt_raise.o(.text) for __rt_raise
    libinit.o(.ARM.Collect$$libinit$$00000000) refers (Special) to libinit2.o(.ARM.Collect$$libinit$$0000002E) for __rt_lib_init_alloca_1
    libinit.o(.ARM.Collect$$libinit$$00000000) refers (Special) to libinit2.o(.ARM.Collect$$libinit$$0000002C) for __rt_lib_init_argv_1
    libinit.o(.ARM.Collect$$libinit$$00000000) refers (Special) to libinit2.o(.ARM.Collect$$libinit$$0000001B) for __rt_lib_init_atexit_1
    libinit.o(.ARM.Collect$$libinit$$00000000) refers (Special) to libinit2.o(.ARM.Collect$$libinit$$00000021) for __rt_lib_init_clock_1
    libinit.o(.ARM.Collect$$libinit$$00000000) refers (Special) to libinit2.o(.ARM.Collect$$libinit$$00000032) for __rt_lib_init_cpp_1
    libinit.o(.ARM.Collect$$libinit$$00000000) refers (Special) to libinit2.o(.ARM.Collect$$libinit$$00000030) for __rt_lib_init_exceptions_1
    libinit.o(.ARM.Collect$$libinit$$00000000) refers (Special) to libinit2.o(.ARM.Collect$$libinit$$00000001) for __rt_lib_init_fp_1
    libinit.o(.ARM.Collect$$libinit$$00000000) refers (Special) to libinit2.o(.ARM.Collect$$libinit$$0000001F) for __rt_lib_init_fp_trap_1
    libinit.o(.ARM.Collect$$libinit$$00000000) refers (Special) to libinit2.o(.ARM.Collect$$libinit$$00000023) for __rt_lib_init_getenv_1
    libinit.o(.ARM.Collect$$libinit$$00000000) refers (Special) to libinit2.o(.ARM.Collect$$libinit$$0000000A) for __rt_lib_init_heap_1
    libinit.o(.ARM.Collect$$libinit$$00000000) refers (Special) to libinit2.o(.ARM.Collect$$libinit$$00000011) for __rt_lib_init_lc_collate_1
    libinit.o(.ARM.Collect$$libinit$$00000000) refers (Special) to libinit2.o(.ARM.Collect$$libinit$$00000013) for __rt_lib_init_lc_ctype_1
    libinit.o(.ARM.Collect$$libinit$$00000000) refers (Special) to libinit2.o(.ARM.Collect$$libinit$$00000015) for __rt_lib_init_lc_monetary_1
    libinit.o(.ARM.Collect$$libinit$$00000000) refers (Special) to libinit2.o(.ARM.Collect$$libinit$$00000017) for __rt_lib_init_lc_numeric_1
    libinit.o(.ARM.Collect$$libinit$$00000000) refers (Special) to libinit2.o(.ARM.Collect$$libinit$$00000019) for __rt_lib_init_lc_time_1
    libinit.o(.ARM.Collect$$libinit$$00000000) refers (Special) to libinit2.o(.ARM.Collect$$libinit$$00000004) for __rt_lib_init_preinit_1
    libinit.o(.ARM.Collect$$libinit$$00000000) refers (Special) to libinit2.o(.ARM.Collect$$libinit$$0000000E) for __rt_lib_init_rand_1
    libinit.o(.ARM.Collect$$libinit$$00000000) refers (Special) to libinit2.o(.ARM.Collect$$libinit$$00000033) for __rt_lib_init_return
    libinit.o(.ARM.Collect$$libinit$$00000000) refers (Special) to libinit2.o(.ARM.Collect$$libinit$$0000001D) for __rt_lib_init_signal_1
    libinit.o(.ARM.Collect$$libinit$$00000000) refers (Special) to libinit2.o(.ARM.Collect$$libinit$$00000025) for __rt_lib_init_stdio_1
    libinit.o(.ARM.Collect$$libinit$$00000000) refers (Special) to libinit2.o(.ARM.Collect$$libinit$$0000000C) for __rt_lib_init_user_alloc_1
    libspace.o(.text) refers to libspace.o(.bss) for __libspace_start
    rtexit.o(.ARM.Collect$$rtexit$$00000000) refers (Special) to rtexit2.o(.ARM.Collect$$rtexit$$00000004) for __rt_exit_exit
    rtexit.o(.ARM.Collect$$rtexit$$00000000) refers (Special) to rtexit2.o(.ARM.Collect$$rtexit$$00000003) for __rt_exit_ls
    rtexit.o(.ARM.Collect$$rtexit$$00000000) refers (Special) to rtexit2.o(.ARM.Collect$$rtexit$$00000002) for __rt_exit_prels_1
    rtexit.o(.ARM.exidx) refers (Special) to rtexit2.o(.ARM.Collect$$rtexit$$00000004) for __rt_exit_exit
    rtexit.o(.ARM.exidx) refers (Special) to rtexit2.o(.ARM.Collect$$rtexit$$00000003) for __rt_exit_ls
    rtexit.o(.ARM.exidx) refers (Special) to rtexit2.o(.ARM.Collect$$rtexit$$00000002) for __rt_exit_prels_1
    rtexit.o(.ARM.exidx) refers to rtexit.o(.ARM.Collect$$rtexit$$00000000) for .ARM.Collect$$rtexit$$00000000
    rt_raise.o(.text) refers to __raise.o(.text) for __raise
    rt_raise.o(.text) refers to retarget.o(.text) for _sys_exit
    defsig_exit.o(.text) refers to retarget.o(.text) for _sys_exit
    defsig_fpe_inner.o(.text) refers to defsig_general.o(.text) for __default_signal_display
    libinit2.o(.ARM.Collect$$libinit$$00000001) refers to fpinit.o(x$fpl$fpinit) for _fp_init
    libinit2.o(.ARM.Collect$$libinit$$00000010) refers to libinit2.o(.ARM.Collect$$libinit$$0000000F) for .ARM.Collect$$libinit$$0000000F
    libinit2.o(.ARM.Collect$$libinit$$00000012) refers to libinit2.o(.ARM.Collect$$libinit$$0000000F) for .ARM.Collect$$libinit$$0000000F
    libinit2.o(.ARM.Collect$$libinit$$00000014) refers to libinit2.o(.ARM.Collect$$libinit$$0000000F) for .ARM.Collect$$libinit$$0000000F
    libinit2.o(.ARM.Collect$$libinit$$00000016) refers to libinit2.o(.ARM.Collect$$libinit$$0000000F) for .ARM.Collect$$libinit$$0000000F
    libinit2.o(.ARM.Collect$$libinit$$00000018) refers to libinit2.o(.ARM.Collect$$libinit$$0000000F) for .ARM.Collect$$libinit$$0000000F
    libinit2.o(.ARM.Collect$$libinit$$00000026) refers to argv_veneer.o(.emb_text) for __ARM_argv_veneer
    libinit2.o(.ARM.Collect$$libinit$$00000027) refers to argv_veneer.o(.emb_text) for __ARM_argv_veneer
    rtexit2.o(.ARM.Collect$$rtexit$$00000003) refers to libshutdown.o(.ARM.Collect$$libshutdown$$00000000) for __rt_lib_shutdown
    rtexit2.o(.ARM.Collect$$rtexit$$00000004) refers to retarget.o(.text) for _sys_exit
    rtexit2.o(.ARM.exidx) refers to rtexit2.o(.ARM.Collect$$rtexit$$00000001) for .ARM.Collect$$rtexit$$00000001
    rtexit2.o(.ARM.exidx) refers to rtexit2.o(.ARM.Collect$$rtexit$$00000003) for .ARM.Collect$$rtexit$$00000003
    rtexit2.o(.ARM.exidx) refers to rtexit2.o(.ARM.Collect$$rtexit$$00000004) for .ARM.Collect$$rtexit$$00000004
    __raise.o(.text) refers to defsig.o(CL$$defsig) for __default_signal_handler
    defsig_general.o(.text) refers to retarget.o(.text) for _ttywrch
    argv_veneer.o(.emb_text) refers to no_argv.o(.text) for __ARM_get_argv
    defsig.o(CL$$defsig) refers to defsig_fpe_inner.o(.text) for __rt_SIGFPE_inner
    defsig.o(CL$$defsig) refers to defsig_rtmem_inner.o(.text) for __rt_SIGRTMEM_inner
    _get_argv_nomalloc.o(.text) refers (Special) to hrguard.o(.text) for __heap_region$guard
    _get_argv_nomalloc.o(.text) refers to defsig_rtmem_outer.o(.text) for __rt_SIGRTMEM
    _get_argv_nomalloc.o(.text) refers to sys_command.o(.text) for _sys_command_string
    libshutdown.o(.ARM.Collect$$libshutdown$$00000000) refers (Special) to libshutdown2.o(.ARM.Collect$$libshutdown$$00000006) for __rt_lib_shutdown_fp_trap_1
    libshutdown.o(.ARM.Collect$$libshutdown$$00000000) refers (Special) to libshutdown2.o(.ARM.Collect$$libshutdown$$0000000E) for __rt_lib_shutdown_heap_1
    libshutdown.o(.ARM.Collect$$libshutdown$$00000000) refers (Special) to libshutdown2.o(.ARM.Collect$$libshutdown$$0000000F) for __rt_lib_shutdown_return
    libshutdown.o(.ARM.Collect$$libshutdown$$00000000) refers (Special) to libshutdown2.o(.ARM.Collect$$libshutdown$$00000009) for __rt_lib_shutdown_signal_1
    libshutdown.o(.ARM.Collect$$libshutdown$$00000000) refers (Special) to libshutdown2.o(.ARM.Collect$$libshutdown$$00000003) for __rt_lib_shutdown_stdio_1
    libshutdown.o(.ARM.Collect$$libshutdown$$00000000) refers (Special) to libshutdown2.o(.ARM.Collect$$libshutdown$$0000000B) for __rt_lib_shutdown_user_alloc_1
    sys_command.o(.text) refers (Special) to use_no_semi.o(.text) for __I$use$semihosting
    sys_command.o(.text) refers (Special) to indicate_semi.o(.text) for __semihosting_library_function
    defsig_abrt_inner.o(.text) refers to defsig_general.o(.text) for __default_signal_display
    defsig_rtred_inner.o(.text) refers to defsig_general.o(.text) for __default_signal_display
    defsig_rtmem_inner.o(.text) refers to defsig_general.o(.text) for __default_signal_display
    defsig_rtmem_outer.o(.text) refers to defsig_rtmem_inner.o(.text) for __rt_SIGRTMEM_inner
    defsig_rtmem_outer.o(.text) refers to defsig_exit.o(.text) for __sig_exit
    defsig_rtmem_formal.o(.text) refers to rt_raise.o(.text) for __rt_raise
    defsig_stak_inner.o(.text) refers to defsig_general.o(.text) for __default_signal_display
    defsig_pvfn_inner.o(.text) refers to defsig_general.o(.text) for __default_signal_display
    defsig_cppl_inner.o(.text) refers to defsig_general.o(.text) for __default_signal_display
    defsig_segv_inner.o(.text) refers to defsig_general.o(.text) for __default_signal_display
    defsig_other.o(.text) refers to defsig_general.o(.text) for __default_signal_display


==============================================================================

Removing Unused input sections from the image.

    Removing retarget.o(.rev16_text), (4 bytes).
    Removing retarget.o(.revsh_text), (4 bytes).
    Removing retarget.o(.rrx_text), (6 bytes).
    Removing peripherals.o(.rev16_text), (4 bytes).
    Removing peripherals.o(.revsh_text), (4 bytes).
    Removing peripherals.o(.rrx_text), (6 bytes).
    Removing trace.o(.rev16_text), (4 bytes).
    Removing trace.o(.revsh_text), (4 bytes).
    Removing trace.o(.rrx_text), (6 bytes).
    Removing kernel.o(.rev16_text), (4 bytes).
    Removing kernel.o(.revsh_text), (4 bytes).
    Removing kernel.o(.rrx_text), (6 bytes).
    Removing usart_tm4c123.o(.rev16_text), (4 bytes).
    Removing usart_tm4c123.o(.revsh_text), (4 bytes).
    Removing usart_tm4c123.o(.rrx_text), (6 bytes).
    Removing cu_system_tm4c123.o(.rev16_text), (4 bytes).
    Removing cu_system_tm4c123.o(.revsh_text), (4 bytes).
    Removing cu_system_tm4c123.o(.rrx_text), (6 bytes).

18 unused section(s) (total 84 bytes) removed from the image.

==============================================================================

Image Symbol Table

    Local Symbols

    Symbol Name                              Value     Ov Type        Size  Object(Section)

    RESET                                    0x00000000   Section      620  startup_tm4c123.o(RESET)
    ../clib/angel/boardlib.s                 0x00000000   Number         0  boardshut.o ABSOLUTE
    ../clib/angel/boardlib.s                 0x00000000   Number         0  boardinit3.o ABSOLUTE
    ../clib/angel/boardlib.s                 0x00000000   Number         0  boardinit2.o ABSOLUTE
    ../clib/angel/boardlib.s                 0x00000000   Number         0  boardinit1.o ABSOLUTE
    ../clib/angel/dczerorl2.s                0x00000000   Number         0  __dczerorl2.o ABSOLUTE
    ../clib/angel/handlers.s                 0x00000000   Number         0  __scatter_zi.o ABSOLUTE
    ../clib/angel/kernel.s                   0x00000000   Number         0  rtexit2.o ABSOLUTE
    ../clib/angel/kernel.s                   0x00000000   Number         0  __rtentry2.o ABSOLUTE
    ../clib/angel/kernel.s                   0x00000000   Number         0  __rtentry.o ABSOLUTE
    ../clib/angel/kernel.s                   0x00000000   Number         0  rtexit.o ABSOLUTE
    ../clib/angel/kernel.s                   0x00000000   Number         0  __rtentry4.o ABSOLUTE
    ../clib/angel/rt.s                       0x00000000   Number         0  rt_div0.o ABSOLUTE
    ../clib/angel/rt.s                       0x00000000   Number         0  aeabi_ldiv0.o ABSOLUTE
    ../clib/angel/rt.s                       0x00000000   Number         0  aeabi_ldiv0_sigfpe.o ABSOLUTE
    ../clib/angel/rt.s                       0x00000000   Number         0  rt_raise.o ABSOLUTE
    ../clib/angel/scatter.s                  0x00000000   Number         0  __scatter.o ABSOLUTE
    ../clib/angel/startup.s                  0x00000000   Number         0  __main.o ABSOLUTE
    ../clib/angel/sys.s                      0x00000000   Number         0  use_no_semi.o ABSOLUTE
    ../clib/angel/sys.s                      0x00000000   Number         0  sys_stackheap_outer.o ABSOLUTE
    ../clib/angel/sys.s                      0x00000000   Number         0  indicate_semi.o ABSOLUTE
    ../clib/angel/sys.s                      0x00000000   Number         0  libspace.o ABSOLUTE
    ../clib/angel/sysapp.c                   0x00000000   Number         0  sys_command.o ABSOLUTE
    ../clib/armsys.c                         0x00000000   Number         0  _get_argv_nomalloc.o ABSOLUTE
    ../clib/armsys.c                         0x00000000   Number         0  no_argv.o ABSOLUTE
    ../clib/armsys.c                         0x00000000   Number         0  argv_veneer.o ABSOLUTE
    ../clib/armsys.c                         0x00000000   Number         0  argv_veneer.o ABSOLUTE
    ../clib/heapalloc.c                      0x00000000   Number         0  hrguard.o ABSOLUTE
    ../clib/heapaux.c                        0x00000000   Number         0  heapauxi.o ABSOLUTE
    ../clib/libinit.s                        0x00000000   Number         0  libshutdown2.o ABSOLUTE
    ../clib/libinit.s                        0x00000000   Number         0  libshutdown.o ABSOLUTE
    ../clib/libinit.s                        0x00000000   Number         0  libinit.o ABSOLUTE
    ../clib/libinit.s                        0x00000000   Number         0  libinit2.o ABSOLUTE
    ../clib/longlong.s                       0x00000000   Number         0  lludivv7m.o ABSOLUTE
    ../clib/memcpset.s                       0x00000000   Number         0  rt_memclr.o ABSOLUTE
    ../clib/memcpset.s                       0x00000000   Number         0  rt_memclr_w.o ABSOLUTE
    ../clib/printf.c                         0x00000000   Number         0  __printf_ss.o ABSOLUTE
    ../clib/printf.c                         0x00000000   Number         0  _printf_char_file.o ABSOLUTE
    ../clib/printf.c                         0x00000000   Number         0  __printf_wp.o ABSOLUTE
    ../clib/printf.c                         0x00000000   Number         0  _printf_intcommon.o ABSOLUTE
    ../clib/printf.c                         0x00000000   Number         0  __printf.o ABSOLUTE
    ../clib/printf.c                         0x00000000   Number         0  _printf_char.o ABSOLUTE
    ../clib/printf.c                         0x00000000   Number         0  __printf_flags_ss.o ABSOLUTE
    ../clib/printf.c                         0x00000000   Number         0  _printf_dec.o ABSOLUTE
    ../clib/printf.c                         0x00000000   Number         0  __printf_ss_wp.o ABSOLUTE
    ../clib/printf.c                         0x00000000   Number         0  _printf_str.o ABSOLUTE
    ../clib/printf.c                         0x00000000   Number         0  __printf_flags_ss_wp.o ABSOLUTE
    ../clib/printf.c                         0x00000000   Number         0  __printf_flags.o ABSOLUTE
    ../clib/printf.c                         0x00000000   Number         0  __printf_nopercent.o ABSOLUTE
    ../clib/printf.c                         0x00000000   Number         0  noretval__2printf.o ABSOLUTE
    ../clib/printf.c                         0x00000000   Number         0  _printf_char_common.o ABSOLUTE
    ../clib/printf.c                         0x00000000   Number         0  __2printf.o ABSOLUTE
    ../clib/printf.c                         0x00000000   Number         0  __printf_flags_wp.o ABSOLUTE
    ../clib/printf_percent.s                 0x00000000   Number         0  _printf_s.o ABSOLUTE
    ../clib/printf_percent.s                 0x00000000   Number         0  _printf_percent_end.o ABSOLUTE
    ../clib/printf_percent.s                 0x00000000   Number         0  _printf_d.o ABSOLUTE
    ../clib/printf_percent.s                 0x00000000   Number         0  _printf_percent.o ABSOLUTE
    ../clib/signal.c                         0x00000000   Number         0  defsig_general.o ABSOLUTE
    ../clib/signal.c                         0x00000000   Number         0  defsig_stak_inner.o ABSOLUTE
    ../clib/signal.c                         0x00000000   Number         0  defsig_rtred_inner.o ABSOLUTE
    ../clib/signal.c                         0x00000000   Number         0  defsig_rtmem_inner.o ABSOLUTE
    ../clib/signal.c                         0x00000000   Number         0  defsig_rtmem_outer.o ABSOLUTE
    ../clib/signal.c                         0x00000000   Number         0  defsig_other.o ABSOLUTE
    ../clib/signal.c                         0x00000000   Number         0  defsig_segv_inner.o ABSOLUTE
    ../clib/signal.c                         0x00000000   Number         0  defsig_cppl_inner.o ABSOLUTE
    ../clib/signal.c                         0x00000000   Number         0  defsig_pvfn_inner.o ABSOLUTE
    ../clib/signal.c                         0x00000000   Number         0  defsig_fpe_inner.o ABSOLUTE
    ../clib/signal.c                         0x00000000   Number         0  defsig_fpe_formal.o ABSOLUTE
    ../clib/signal.c                         0x00000000   Number         0  defsig_abrt_inner.o ABSOLUTE
    ../clib/signal.c                         0x00000000   Number         0  defsig_fpe_outer.o ABSOLUTE
    ../clib/signal.c                         0x00000000   Number         0  __raise.o ABSOLUTE
    ../clib/signal.c                         0x00000000   Number         0  defsig_exit.o ABSOLUTE
    ../clib/signal.c                         0x00000000   Number         0  defsig_rtmem_formal.o ABSOLUTE
    ../clib/signal.s                         0x00000000   Number         0  defsig.o ABSOLUTE
    ../clib/stdlib.c                         0x00000000   Number         0  exit.o ABSOLUTE
    ../clib/string.c                         0x00000000   Number         0  strlen.o ABSOLUTE
    ../clib/string.c                         0x00000000   Number         0  strcpy.o ABSOLUTE
    ../fplib/fpinit.s                        0x00000000   Number         0  fpinit.o ABSOLUTE
    RTE\Application\source\sem1.c            0x00000000   Number         0  sem1.o ABSOLUTE
    RTE\CMSIS_Driver\TM4C123GH6PM\USART_TM4C123.c 0x00000000   Number         0  usart_tm4c123.o ABSOLUTE
    RTE\Device\TM4C123GH6PM\CU_system_TM4C123.c 0x00000000   Number         0  cu_system_tm4c123.o ABSOLUTE
    RTE\Device\TM4C123GH6PM\startup_TM4C123.s 0x00000000   Number         0  startup_tm4c123.o ABSOLUTE
    RTE\RTOS\Source\kernel.c                 0x00000000   Number         0  kernel.o ABSOLUTE
    RTE\RTOS\Source\peripherals.c            0x00000000   Number         0  peripherals.o ABSOLUTE
    RTE\RTOS\Source\protectedTrace.c         0x00000000   Number         0  protectedtrace.o ABSOLUTE
    RTE\RTOS\Source\retarget.c               0x00000000   Number         0  retarget.o ABSOLUTE
    RTE\RTOS\Source\semaphores.c             0x00000000   Number         0  semaphores.o ABSOLUTE
    RTE\RTOS\Source\threadIdle.c             0x00000000   Number         0  threadidle.o ABSOLUTE
    RTE\RTOS\Source\threads.c                0x00000000   Number         0  threads.o ABSOLUTE
    RTE\RTOS\Source\trace.c                  0x00000000   Number         0  trace.o ABSOLUTE
    RTE\\CMSIS_Driver\\TM4C123GH6PM\\USART_TM4C123.c 0x00000000   Number         0  usart_tm4c123.o ABSOLUTE
    RTE\\Device\\TM4C123GH6PM\\CU_system_TM4C123.c 0x00000000   Number         0  cu_system_tm4c123.o ABSOLUTE
    RTE\\RTOS\\Source\\kernel.c              0x00000000   Number         0  kernel.o ABSOLUTE
    RTE\\RTOS\\Source\\peripherals.c         0x00000000   Number         0  peripherals.o ABSOLUTE
    RTE\\RTOS\\Source\\retarget.c            0x00000000   Number         0  retarget.o ABSOLUTE
    RTE\\RTOS\\Source\\trace.c               0x00000000   Number         0  trace.o ABSOLUTE
    dc.s                                     0x00000000   Number         0  dc.o ABSOLUTE
    main.c                                   0x00000000   Number         0  main.o ABSOLUTE
    sem2.c                                   0x00000000   Number         0  sem2.o ABSOLUTE
    thread1.c                                0x00000000   Number         0  thread1.o ABSOLUTE
    thread2.c                                0x00000000   Number         0  thread2.o ABSOLUTE
    thread3.c                                0x00000000   Number         0  thread3.o ABSOLUTE
    thread4.c                                0x00000000   Number         0  thread4.o ABSOLUTE
    thread5.c                                0x00000000   Number         0  thread5.o ABSOLUTE
    !!!main                                  0x0000026c   Section        8  __main.o(!!!main)
    !!!scatter                               0x00000274   Section       52  __scatter.o(!!!scatter)
    !!dczerorl2                              0x000002a8   Section       90  __dczerorl2.o(!!dczerorl2)
    !!handler_zi                             0x00000304   Section       28  __scatter_zi.o(!!handler_zi)
    .ARM.Collect$$_printf_percent$$00000000  0x00000320   Section        0  _printf_percent.o(.ARM.Collect$$_printf_percent$$00000000)
    .ARM.Collect$$_printf_percent$$00000009  0x00000320   Section        6  _printf_d.o(.ARM.Collect$$_printf_percent$$00000009)
    .ARM.Collect$$_printf_percent$$00000014  0x00000326   Section        6  _printf_s.o(.ARM.Collect$$_printf_percent$$00000014)
    .ARM.Collect$$_printf_percent$$00000017  0x0000032c   Section        4  _printf_percent_end.o(.ARM.Collect$$_printf_percent$$00000017)
    .ARM.Collect$$libinit$$00000000          0x00000330   Section        2  libinit.o(.ARM.Collect$$libinit$$00000000)
    .ARM.Collect$$libinit$$00000001          0x00000332   Section        4  libinit2.o(.ARM.Collect$$libinit$$00000001)
    .ARM.Collect$$libinit$$00000004          0x00000336   Section        0  libinit2.o(.ARM.Collect$$libinit$$00000004)
    .ARM.Collect$$libinit$$0000000A          0x00000336   Section        0  libinit2.o(.ARM.Collect$$libinit$$0000000A)
    .ARM.Collect$$libinit$$0000000C          0x00000336   Section        0  libinit2.o(.ARM.Collect$$libinit$$0000000C)
    .ARM.Collect$$libinit$$0000000E          0x00000336   Section        0  libinit2.o(.ARM.Collect$$libinit$$0000000E)
    .ARM.Collect$$libinit$$00000011          0x00000336   Section        0  libinit2.o(.ARM.Collect$$libinit$$00000011)
    .ARM.Collect$$libinit$$00000013          0x00000336   Section        0  libinit2.o(.ARM.Collect$$libinit$$00000013)
    .ARM.Collect$$libinit$$00000015          0x00000336   Section        0  libinit2.o(.ARM.Collect$$libinit$$00000015)
    .ARM.Collect$$libinit$$00000017          0x00000336   Section        0  libinit2.o(.ARM.Collect$$libinit$$00000017)
    .ARM.Collect$$libinit$$00000019          0x00000336   Section        0  libinit2.o(.ARM.Collect$$libinit$$00000019)
    .ARM.Collect$$libinit$$0000001B          0x00000336   Section        0  libinit2.o(.ARM.Collect$$libinit$$0000001B)
    .ARM.Collect$$libinit$$0000001D          0x00000336   Section        0  libinit2.o(.ARM.Collect$$libinit$$0000001D)
    .ARM.Collect$$libinit$$0000001F          0x00000336   Section        0  libinit2.o(.ARM.Collect$$libinit$$0000001F)
    .ARM.Collect$$libinit$$00000021          0x00000336   Section        0  libinit2.o(.ARM.Collect$$libinit$$00000021)
    .ARM.Collect$$libinit$$00000023          0x00000336   Section        0  libinit2.o(.ARM.Collect$$libinit$$00000023)
    .ARM.Collect$$libinit$$00000025          0x00000336   Section        0  libinit2.o(.ARM.Collect$$libinit$$00000025)
    .ARM.Collect$$libinit$$0000002C          0x00000336   Section        0  libinit2.o(.ARM.Collect$$libinit$$0000002C)
    .ARM.Collect$$libinit$$0000002E          0x00000336   Section        0  libinit2.o(.ARM.Collect$$libinit$$0000002E)
    .ARM.Collect$$libinit$$00000030          0x00000336   Section        0  libinit2.o(.ARM.Collect$$libinit$$00000030)
    .ARM.Collect$$libinit$$00000032          0x00000336   Section        0  libinit2.o(.ARM.Collect$$libinit$$00000032)
    .ARM.Collect$$libinit$$00000033          0x00000336   Section        2  libinit2.o(.ARM.Collect$$libinit$$00000033)
    .ARM.Collect$$libshutdown$$00000000      0x00000338   Section        2  libshutdown.o(.ARM.Collect$$libshutdown$$00000000)
    .ARM.Collect$$libshutdown$$00000003      0x0000033a   Section        0  libshutdown2.o(.ARM.Collect$$libshutdown$$00000003)
    .ARM.Collect$$libshutdown$$00000006      0x0000033a   Section        0  libshutdown2.o(.ARM.Collect$$libshutdown$$00000006)
    .ARM.Collect$$libshutdown$$00000009      0x0000033a   Section        0  libshutdown2.o(.ARM.Collect$$libshutdown$$00000009)
    .ARM.Collect$$libshutdown$$0000000B      0x0000033a   Section        0  libshutdown2.o(.ARM.Collect$$libshutdown$$0000000B)
    .ARM.Collect$$libshutdown$$0000000E      0x0000033a   Section        0  libshutdown2.o(.ARM.Collect$$libshutdown$$0000000E)
    .ARM.Collect$$libshutdown$$0000000F      0x0000033a   Section        2  libshutdown2.o(.ARM.Collect$$libshutdown$$0000000F)
    .ARM.Collect$$rtentry$$00000000          0x0000033c   Section        0  __rtentry.o(.ARM.Collect$$rtentry$$00000000)
    .ARM.Collect$$rtentry$$00000002          0x0000033c   Section        0  __rtentry2.o(.ARM.Collect$$rtentry$$00000002)
    .ARM.Collect$$rtentry$$00000004          0x0000033c   Section        6  __rtentry4.o(.ARM.Collect$$rtentry$$00000004)
    .ARM.Collect$$rtentry$$00000009          0x00000342   Section        0  __rtentry2.o(.ARM.Collect$$rtentry$$00000009)
    .ARM.Collect$$rtentry$$0000000A          0x00000342   Section        4  __rtentry2.o(.ARM.Collect$$rtentry$$0000000A)
    .ARM.Collect$$rtentry$$0000000C          0x00000346   Section        0  __rtentry2.o(.ARM.Collect$$rtentry$$0000000C)
    .ARM.Collect$$rtentry$$0000000D          0x00000346   Section        8  __rtentry2.o(.ARM.Collect$$rtentry$$0000000D)
    .ARM.Collect$$rtexit$$00000000           0x0000034e   Section        2  rtexit.o(.ARM.Collect$$rtexit$$00000000)
    .ARM.Collect$$rtexit$$00000002           0x00000350   Section        0  rtexit2.o(.ARM.Collect$$rtexit$$00000002)
    .ARM.Collect$$rtexit$$00000003           0x00000350   Section        4  rtexit2.o(.ARM.Collect$$rtexit$$00000003)
    .ARM.Collect$$rtexit$$00000004           0x00000354   Section        6  rtexit2.o(.ARM.Collect$$rtexit$$00000004)
    .emb_text                                0x0000035c   Section      134  kernel.o(.emb_text)
    $v0                                      0x0000035c   Number         0  kernel.o(.emb_text)
    .text                                    0x000003e4   Section        0  retarget.o(.text)
    .text                                    0x00000448   Section        0  peripherals.o(.text)
    .text                                    0x00000528   Section        0  trace.o(.text)
    .text                                    0x000005cc   Section        0  kernel.o(.text)
    NVIC_SetPriority                         0x000005cd   Thumb Code    32  kernel.o(.text)
    __tagsym$$used                           0x0000066b   Number         0  kernel.o(.text)
    __tagsym$$used                           0x00000765   Number         0  kernel.o(.text)
    .text                                    0x0000078c   Section        0  threads.o(.text)
    .text                                    0x0000090c   Section        0  semaphores.o(.text)
    .text                                    0x00000ef8   Section        0  threadidle.o(.text)
    .text                                    0x00000f80   Section        0  protectedtrace.o(.text)
    .text                                    0x00001008   Section        0  sem1.o(.text)
    .text                                    0x0000105c   Section        0  sem2.o(.text)
    .text                                    0x000010b0   Section        0  thread1.o(.text)
    .text                                    0x000012e8   Section        0  thread2.o(.text)
    .text                                    0x00001520   Section        0  thread3.o(.text)
    .text                                    0x00001678   Section        0  thread4.o(.text)
    .text                                    0x00001990   Section        0  thread5.o(.text)
    .text                                    0x00001c18   Section        0  main.o(.text)
    .text                                    0x00001de0   Section        0  usart_tm4c123.o(.text)
    USARTx_GetVersion                        0x00001e11   Thumb Code    10  usart_tm4c123.o(.text)
    USART_GetCapabilities                    0x00001e1b   Thumb Code     6  usart_tm4c123.o(.text)
    USART_Initialize                         0x00001e21   Thumb Code   234  usart_tm4c123.o(.text)
    USART_Uninitialize                       0x00001f0b   Thumb Code    44  usart_tm4c123.o(.text)
    USART_PowerControl                       0x00001f37   Thumb Code   154  usart_tm4c123.o(.text)
    USART_Send                               0x00001fd1   Thumb Code   188  usart_tm4c123.o(.text)
    USART_Receive                            0x0000208d   Thumb Code   154  usart_tm4c123.o(.text)
    USART_Transfer                           0x00002127   Thumb Code   122  usart_tm4c123.o(.text)
    USART_GetTxCount                         0x000021a1   Thumb Code     8  usart_tm4c123.o(.text)
    USART_GetRxCount                         0x000021a9   Thumb Code     8  usart_tm4c123.o(.text)
    USART_Control                            0x000021b1   Thumb Code   554  usart_tm4c123.o(.text)
    USART_GetStatus                          0x000023db   Thumb Code     8  usart_tm4c123.o(.text)
    USART_SetModemControl                    0x000023e3   Thumb Code    24  usart_tm4c123.o(.text)
    USART_GetModemStatus                     0x000023fb   Thumb Code    98  usart_tm4c123.o(.text)
    USART_IRQHandler                         0x0000245d   Thumb Code    24  usart_tm4c123.o(.text)
    USART0_GetCapabilities                   0x00002475   Thumb Code    12  usart_tm4c123.o(.text)
    USART0_Initialize                        0x00002481   Thumb Code    14  usart_tm4c123.o(.text)
    USART0_Uninitialize                      0x0000248f   Thumb Code    10  usart_tm4c123.o(.text)
    USART0_PowerControl                      0x00002499   Thumb Code    14  usart_tm4c123.o(.text)
    USART0_Send                              0x000024a7   Thumb Code    18  usart_tm4c123.o(.text)
    USART0_Receive                           0x000024b9   Thumb Code    18  usart_tm4c123.o(.text)
    USART0_Transfer                          0x000024cb   Thumb Code    22  usart_tm4c123.o(.text)
    USART0_GetTxCount                        0x000024e1   Thumb Code    10  usart_tm4c123.o(.text)
    USART0_GetRxCount                        0x000024eb   Thumb Code    10  usart_tm4c123.o(.text)
    USART0_Control                           0x000024f5   Thumb Code    18  usart_tm4c123.o(.text)
    USART0_GetStatus                         0x00002507   Thumb Code    12  usart_tm4c123.o(.text)
    USART0_SetModemControl                   0x00002513   Thumb Code    14  usart_tm4c123.o(.text)
    USART0_GetModemStatus                    0x00002521   Thumb Code    12  usart_tm4c123.o(.text)
    .text                                    0x0000253c   Section        0  cu_system_tm4c123.o(.text)
    .text                                    0x00002564   Section      276  startup_tm4c123.o(.text)
    $v0                                      0x00002564   Number         0  startup_tm4c123.o(.text)
    .text                                    0x00002678   Section        2  use_no_semi.o(.text)
    .text                                    0x0000267a   Section      238  lludivv7m.o(.text)
    .text                                    0x00002768   Section        0  noretval__2printf.o(.text)
    .text                                    0x00002780   Section        0  __printf.o(.text)
    .text                                    0x000027e8   Section        0  _printf_str.o(.text)
    .text                                    0x0000283c   Section        0  _printf_dec.o(.text)
    .text                                    0x000028b4   Section        0  strcpy.o(.text)
    .text                                    0x000028fc   Section        0  strlen.o(.text)
    .text                                    0x0000293a   Section       68  rt_memclr.o(.text)
    .text                                    0x0000297e   Section        0  heapauxi.o(.text)
    .text                                    0x00002984   Section        0  _printf_intcommon.o(.text)
    .text                                    0x00002a36   Section        0  _printf_char.o(.text)
    .text                                    0x00002a64   Section        0  _printf_char_file.o(.text)
    .text                                    0x00002a88   Section       78  rt_memclr_w.o(.text)
    .text                                    0x00002ad8   Section        0  _printf_char_common.o(.text)
    _printf_input_char                       0x00002ad9   Thumb Code    10  _printf_char_common.o(.text)
    .text                                    0x00002b08   Section       74  sys_stackheap_outer.o(.text)
    .text                                    0x00002b52   Section        0  exit.o(.text)
    .text                                    0x00002b60   Section        8  libspace.o(.text)
    x$fpl$fpinit                             0x00002b68   Section       10  fpinit.o(x$fpl$fpinit)
    $v0                                      0x00002b68   Number         0  fpinit.o(x$fpl$fpinit)
    .constdata                               0x00002b74   Section      116  usart_tm4c123.o(.constdata)
    usart_driver_version                     0x00002b74   Data           4  usart_tm4c123.o(.constdata)
    USART0_Resources                         0x00002b78   Data          56  usart_tm4c123.o(.constdata)
    .data                                    0x20000000   Section        9  retarget.o(.data)
    c                                        0x20000008   Data           1  retarget.o(.data)
    .data                                    0x2000000c   Section        4  peripherals.o(.data)
    .data                                    0x20000010   Section        4  trace.o(.data)
    .data                                    0x20000014   Section       24  kernel.o(.data)
    .data                                    0x2000002c   Section       16  threads.o(.data)
    .data                                    0x2000003c   Section       12  semaphores.o(.data)
    .data                                    0x20000048   Section       76  threadidle.o(.data)
    .data                                    0x20000094   Section        4  sem1.o(.data)
    .data                                    0x20000098   Section        4  sem2.o(.data)
    .data                                    0x2000009c   Section       76  thread1.o(.data)
    .data                                    0x200000e8   Section       76  thread2.o(.data)
    .data                                    0x20000134   Section       76  thread3.o(.data)
    .data                                    0x20000180   Section       76  thread4.o(.data)
    .data                                    0x200001cc   Section       76  thread5.o(.data)
    .data                                    0x20000218   Section        4  cu_system_tm4c123.o(.data)
    .bss                                     0x2000021c   Section     3200  trace.o(.bss)
    .bss                                     0x20000e9c   Section      300  threadidle.o(.bss)
    .bss                                     0x20000fc8   Section       32  sem1.o(.bss)
    .bss                                     0x20000fe8   Section       32  sem2.o(.bss)
    .bss                                     0x20001008   Section      300  thread1.o(.bss)
    .bss                                     0x20001134   Section      300  thread2.o(.bss)
    .bss                                     0x20001260   Section      300  thread3.o(.bss)
    .bss                                     0x2000138c   Section      300  thread4.o(.bss)
    .bss                                     0x200014b8   Section      300  thread5.o(.bss)
    .bss                                     0x200015e4   Section       44  usart_tm4c123.o(.bss)
    USART0_Info                              0x200015e4   Data          44  usart_tm4c123.o(.bss)
    .bss                                     0x20001610   Section       96  libspace.o(.bss)
    HEAP                                     0x20001670   Section        0  startup_tm4c123.o(HEAP)
    STACK                                    0x20001670   Section      512  startup_tm4c123.o(STACK)
    Heap_Mem                                 0x20001670   Data           0  startup_tm4c123.o(HEAP)
    Stack_Mem                                0x20001670   Data         512  startup_tm4c123.o(STACK)
    __initial_sp                             0x20001870   Data           0  startup_tm4c123.o(STACK)

    Global Symbols

    Symbol Name                              Value     Ov Type        Size  Object(Section)

    BuildAttributes$$THM_ISAv4$E$P$D$K$B$S$7EM$VFPi3$EXTD16$VFPS$VFMA$PE$A:L22UL41UL21$X:L11$S22US41US21$IEEE1$IW$USESV6$~STKCKD$USESV7$~SHL$OSPACE$ROPI$EBA8$UX$STANDARDLIB$REQ8$PRES8$EABIv2 0x00000000   Number         0  anon$$obj.o ABSOLUTE
    __ARM_use_no_argv                        0x00000000   Number         0  main.o ABSOLUTE
    __Vectors                                0x00000000   Data           4  startup_tm4c123.o(RESET)
    __ARM_exceptions_init                     - Undefined Weak Reference
    __alloca_initialize                       - Undefined Weak Reference
    __arm_preinit_                            - Undefined Weak Reference
    __cpp_initialize__aeabi_                  - Undefined Weak Reference
    __cxa_finalize                            - Undefined Weak Reference
    __rt_locale                               - Undefined Weak Reference
    __sigvec_lookup                           - Undefined Weak Reference
    _atexit_init                              - Undefined Weak Reference
    _call_atexit_fns                          - Undefined Weak Reference
    _clock_init                               - Undefined Weak Reference
    _fp_trap_init                             - Undefined Weak Reference
    _fp_trap_shutdown                         - Undefined Weak Reference
    _get_lc_collate                           - Undefined Weak Reference
    _get_lc_ctype                             - Undefined Weak Reference
    _get_lc_monetary                          - Undefined Weak Reference
    _get_lc_numeric                           - Undefined Weak Reference
    _get_lc_time                              - Undefined Weak Reference
    _getenv_init                              - Undefined Weak Reference
    _handle_redirection                       - Undefined Weak Reference
    _init_alloc                               - Undefined Weak Reference
    _init_user_alloc                          - Undefined Weak Reference
    _initio                                   - Undefined Weak Reference
    _printf_mbtowc                            - Undefined Weak Reference
    _printf_post_padding                      - Undefined Weak Reference
    _printf_pre_padding                       - Undefined Weak Reference
    _printf_truncate_signed                   - Undefined Weak Reference
    _printf_truncate_unsigned                 - Undefined Weak Reference
    _rand_init                                - Undefined Weak Reference
    _signal_finish                            - Undefined Weak Reference
    _signal_init                              - Undefined Weak Reference
    _terminate_alloc                          - Undefined Weak Reference
    _terminate_user_alloc                     - Undefined Weak Reference
    _terminateio                              - Undefined Weak Reference
    __Vectors_End                            0x0000026c   Data           0  startup_tm4c123.o(RESET)
    __Vectors_Size                           0x0000026c   Number         0  startup_tm4c123.o ABSOLUTE
    __main                                   0x0000026d   Thumb Code     8  __main.o(!!!main)
    __scatterload                            0x00000275   Thumb Code     0  __scatter.o(!!!scatter)
    __scatterload_rt2                        0x00000275   Thumb Code    44  __scatter.o(!!!scatter)
    __scatterload_rt2_thumb_only             0x00000275   Thumb Code     0  __scatter.o(!!!scatter)
    __scatterload_null                       0x00000283   Thumb Code     0  __scatter.o(!!!scatter)
    __decompress                             0x000002a9   Thumb Code    90  __dczerorl2.o(!!dczerorl2)
    __decompress1                            0x000002a9   Thumb Code     0  __dczerorl2.o(!!dczerorl2)
    __scatterload_zeroinit                   0x00000305   Thumb Code    28  __scatter_zi.o(!!handler_zi)
    _printf_d                                0x00000321   Thumb Code     0  _printf_d.o(.ARM.Collect$$_printf_percent$$00000009)
    _printf_percent                          0x00000321   Thumb Code     0  _printf_percent.o(.ARM.Collect$$_printf_percent$$00000000)
    _printf_s                                0x00000327   Thumb Code     0  _printf_s.o(.ARM.Collect$$_printf_percent$$00000014)
    _printf_percent_end                      0x0000032d   Thumb Code     0  _printf_percent_end.o(.ARM.Collect$$_printf_percent$$00000017)
    __rt_lib_init                            0x00000331   Thumb Code     0  libinit.o(.ARM.Collect$$libinit$$00000000)
    __rt_lib_init_fp_1                       0x00000333   Thumb Code     0  libinit2.o(.ARM.Collect$$libinit$$00000001)
    __rt_lib_init_alloca_1                   0x00000337   Thumb Code     0  libinit2.o(.ARM.Collect$$libinit$$0000002E)
    __rt_lib_init_argv_1                     0x00000337   Thumb Code     0  libinit2.o(.ARM.Collect$$libinit$$0000002C)
    __rt_lib_init_atexit_1                   0x00000337   Thumb Code     0  libinit2.o(.ARM.Collect$$libinit$$0000001B)
    __rt_lib_init_clock_1                    0x00000337   Thumb Code     0  libinit2.o(.ARM.Collect$$libinit$$00000021)
    __rt_lib_init_cpp_1                      0x00000337   Thumb Code     0  libinit2.o(.ARM.Collect$$libinit$$00000032)
    __rt_lib_init_exceptions_1               0x00000337   Thumb Code     0  libinit2.o(.ARM.Collect$$libinit$$00000030)
    __rt_lib_init_fp_trap_1                  0x00000337   Thumb Code     0  libinit2.o(.ARM.Collect$$libinit$$0000001F)
    __rt_lib_init_getenv_1                   0x00000337   Thumb Code     0  libinit2.o(.ARM.Collect$$libinit$$00000023)
    __rt_lib_init_heap_1                     0x00000337   Thumb Code     0  libinit2.o(.ARM.Collect$$libinit$$0000000A)
    __rt_lib_init_lc_collate_1               0x00000337   Thumb Code     0  libinit2.o(.ARM.Collect$$libinit$$00000011)
    __rt_lib_init_lc_ctype_1                 0x00000337   Thumb Code     0  libinit2.o(.ARM.Collect$$libinit$$00000013)
    __rt_lib_init_lc_monetary_1              0x00000337   Thumb Code     0  libinit2.o(.ARM.Collect$$libinit$$00000015)
    __rt_lib_init_lc_numeric_1               0x00000337   Thumb Code     0  libinit2.o(.ARM.Collect$$libinit$$00000017)
    __rt_lib_init_lc_time_1                  0x00000337   Thumb Code     0  libinit2.o(.ARM.Collect$$libinit$$00000019)
    __rt_lib_init_preinit_1                  0x00000337   Thumb Code     0  libinit2.o(.ARM.Collect$$libinit$$00000004)
    __rt_lib_init_rand_1                     0x00000337   Thumb Code     0  libinit2.o(.ARM.Collect$$libinit$$0000000E)
    __rt_lib_init_return                     0x00000337   Thumb Code     0  libinit2.o(.ARM.Collect$$libinit$$00000033)
    __rt_lib_init_signal_1                   0x00000337   Thumb Code     0  libinit2.o(.ARM.Collect$$libinit$$0000001D)
    __rt_lib_init_stdio_1                    0x00000337   Thumb Code     0  libinit2.o(.ARM.Collect$$libinit$$00000025)
    __rt_lib_init_user_alloc_1               0x00000337   Thumb Code     0  libinit2.o(.ARM.Collect$$libinit$$0000000C)
    __rt_lib_shutdown                        0x00000339   Thumb Code     0  libshutdown.o(.ARM.Collect$$libshutdown$$00000000)
    __rt_lib_shutdown_fp_trap_1              0x0000033b   Thumb Code     0  libshutdown2.o(.ARM.Collect$$libshutdown$$00000006)
    __rt_lib_shutdown_heap_1                 0x0000033b   Thumb Code     0  libshutdown2.o(.ARM.Collect$$libshutdown$$0000000E)
    __rt_lib_shutdown_return                 0x0000033b   Thumb Code     0  libshutdown2.o(.ARM.Collect$$libshutdown$$0000000F)
    __rt_lib_shutdown_signal_1               0x0000033b   Thumb Code     0  libshutdown2.o(.ARM.Collect$$libshutdown$$00000009)
    __rt_lib_shutdown_stdio_1                0x0000033b   Thumb Code     0  libshutdown2.o(.ARM.Collect$$libshutdown$$00000003)
    __rt_lib_shutdown_user_alloc_1           0x0000033b   Thumb Code     0  libshutdown2.o(.ARM.Collect$$libshutdown$$0000000B)
    __rt_entry                               0x0000033d   Thumb Code     0  __rtentry.o(.ARM.Collect$$rtentry$$00000000)
    __rt_entry_presh_1                       0x0000033d   Thumb Code     0  __rtentry2.o(.ARM.Collect$$rtentry$$00000002)
    __rt_entry_sh                            0x0000033d   Thumb Code     0  __rtentry4.o(.ARM.Collect$$rtentry$$00000004)
    __rt_entry_li                            0x00000343   Thumb Code     0  __rtentry2.o(.ARM.Collect$$rtentry$$0000000A)
    __rt_entry_postsh_1                      0x00000343   Thumb Code     0  __rtentry2.o(.ARM.Collect$$rtentry$$00000009)
    __rt_entry_main                          0x00000347   Thumb Code     0  __rtentry2.o(.ARM.Collect$$rtentry$$0000000D)
    __rt_entry_postli_1                      0x00000347   Thumb Code     0  __rtentry2.o(.ARM.Collect$$rtentry$$0000000C)
    __rt_exit                                0x0000034f   Thumb Code     0  rtexit.o(.ARM.Collect$$rtexit$$00000000)
    __rt_exit_ls                             0x00000351   Thumb Code     0  rtexit2.o(.ARM.Collect$$rtexit$$00000003)
    __rt_exit_prels_1                        0x00000351   Thumb Code     0  rtexit2.o(.ARM.Collect$$rtexit$$00000002)
    __rt_exit_exit                           0x00000355   Thumb Code     0  rtexit2.o(.ARM.Collect$$rtexit$$00000004)
    SVC_Handler                              0x0000035d   Thumb Code    36  kernel.o(.emb_text)
    PendSV_Handler                           0x00000385   Thumb Code    68  kernel.o(.emb_text)
    HardFault_Handler                        0x000003d1   Thumb Code    18  kernel.o(.emb_text)
    UART0_putc                               0x000003e5   Thumb Code    20  retarget.o(.text)
    UART0_getc                               0x000003f9   Thumb Code    18  retarget.o(.text)
    fputc                                    0x0000040b   Thumb Code    16  retarget.o(.text)
    fgetc                                    0x0000041b   Thumb Code    10  retarget.o(.text)
    ferror                                   0x00000425   Thumb Code     8  retarget.o(.text)
    _ttywrch                                 0x0000042d   Thumb Code    12  retarget.o(.text)
    _sys_exit                                0x00000439   Thumb Code     4  retarget.o(.text)
    LED_initialize                           0x00000449   Thumb Code    38  peripherals.o(.text)
    protected_LED_blink                      0x0000046f   Thumb Code    48  peripherals.o(.text)
    unprotected_LED_blink                    0x0000049f   Thumb Code    44  peripherals.o(.text)
    count1Sec                                0x000004cb   Thumb Code    24  peripherals.o(.text)
    UART_initialize                          0x000004e3   Thumb Code    42  peripherals.o(.text)
    getTraceCounter                          0x00000529   Thumb Code     6  trace.o(.text)
    incrementTraceCounter                    0x0000052f   Thumb Code    28  trace.o(.text)
    decrementTraceCounter                    0x0000054b   Thumb Code    24  trace.o(.text)
    addTrace                                 0x00000563   Thumb Code    48  trace.o(.text)
    dumpTrace                                0x00000593   Thumb Code    42  trace.o(.text)
    os_KernelExitCriticalSection             0x000005ed   Thumb Code    10  kernel.o(.text)
    os_KernelEnterCriticalSection            0x000005f7   Thumb Code    10  kernel.o(.text)
    osKernelInitialize                       0x00000601   Thumb Code    50  kernel.o(.text)
    osKernelStart                            0x00000633   Thumb Code    12  kernel.o(.text)
    osKernelRunning                          0x0000063f   Thumb Code     6  kernel.o(.text)
    osKernelSysTick                          0x00000645   Thumb Code     6  kernel.o(.text)
    os_KernelInvokeScheduler                 0x0000064b   Thumb Code     4  kernel.o(.text)
    os_KernelStackAlloc                      0x0000064f   Thumb Code    10  kernel.o(.text)
    ScheduleContextSwitch                    0x00000659   Thumb Code    18  kernel.o(.text)
    SVC_Handler_C                            0x0000066b   Thumb Code   182  kernel.o(.text)
    SysTick_Handler                          0x00000721   Thumb Code    68  kernel.o(.text)
    HardFault_Handler_C                      0x00000765   Thumb Code     4  kernel.o(.text)
    osThreadGetList                          0x0000078d   Thumb Code    16  threads.o(.text)
    osInsertRTRQ                             0x0000079d   Thumb Code    50  threads.o(.text)
    osThreadCreate                           0x000007cf   Thumb Code   118  threads.o(.text)
    rtrqWalk                                 0x00000845   Thumb Code    24  threads.o(.text)
    osRemoveRTRQ                             0x0000085d   Thumb Code    52  threads.o(.text)
    osThreadGetId                            0x00000891   Thumb Code     6  threads.o(.text)
    osThreadTerminate                        0x00000897   Thumb Code     6  threads.o(.text)
    osThreadYield                            0x0000089d   Thumb Code    10  threads.o(.text)
    osThreadSetPriority                      0x000008a7   Thumb Code    66  threads.o(.text)
    osThreadGetPriority                      0x000008e9   Thumb Code    12  threads.o(.text)
    os_ThreadRemoveThread                    0x000008f5   Thumb Code     2  threads.o(.text)
    getCurrentCeiling                        0x0000090d   Thumb Code    20  semaphores.o(.text)
    blockedWalk                              0x00000921   Thumb Code    28  semaphores.o(.text)
    osInsertBlockedQ                         0x0000093d   Thumb Code    48  semaphores.o(.text)
    osRemoveBlockedQ                         0x0000096d   Thumb Code    48  semaphores.o(.text)
    osRemoveFromHeadOfBlockedQ               0x0000099d   Thumb Code    32  semaphores.o(.text)
    osSemaphoreCreate                        0x000009bd   Thumb Code    36  semaphores.o(.text)
    Resource_Search                          0x000009e1   Thumb Code    38  semaphores.o(.text)
    Resource_Insert                          0x00000a07   Thumb Code   100  semaphores.o(.text)
    Resource_Delete                          0x00000a6b   Thumb Code    94  semaphores.o(.text)
    ThreadUsingSemaphores_Insert             0x00000ac9   Thumb Code    66  semaphores.o(.text)
    ThreadUsingSemaphores_Delete             0x00000b0b   Thumb Code    82  semaphores.o(.text)
    os_InsertThreadInSemaphoreBlockedQ       0x00000b5d   Thumb Code    36  semaphores.o(.text)
    osPcpSemaphoreWait                       0x00000b81   Thumb Code   388  semaphores.o(.text)
    ReleaseThread                            0x00000d05   Thumb Code    60  semaphores.o(.text)
    resumePriority                           0x00000d41   Thumb Code    58  semaphores.o(.text)
    osPcpSemaphoreRelease                    0x00000d7b   Thumb Code   104  semaphores.o(.text)
    osSemaphoreWait                          0x00000de3   Thumb Code   198  semaphores.o(.text)
    osSemaphoreRelease                       0x00000ea9   Thumb Code    52  semaphores.o(.text)
    osSemaphoreDelete                        0x00000edd   Thumb Code     6  semaphores.o(.text)
    os_SearchThreadInSemaphoreBlockedQ       0x00000ee3   Thumb Code     6  semaphores.o(.text)
    os_SearchThreadAllSemaphoresBlockedQ     0x00000ee9   Thumb Code     6  semaphores.o(.text)
    Init_threadIdle                          0x00000ef9   Thumb Code    30  threadidle.o(.text)
    threadIdle                               0x00000f17   Thumb Code    14  threadidle.o(.text)
    work                                     0x00000f25   Thumb Code    20  threadidle.o(.text)
    addTraceProtected                        0x00000f81   Thumb Code    62  protectedtrace.o(.text)
    dumpTraceProtected                       0x00000fbf   Thumb Code    50  protectedtrace.o(.text)
    Init_Semaphore1                          0x00001009   Thumb Code    38  sem1.o(.text)
    Delete_Semaphore1                        0x0000102f   Thumb Code    22  sem1.o(.text)
    Init_Semaphore2                          0x0000105d   Thumb Code    38  sem2.o(.text)
    Delete_Semaphore2                        0x00001083   Thumb Code    22  sem2.o(.text)
    Init_thread1                             0x000010b1   Thumb Code    36  thread1.o(.text)
    Terminate_thread1                        0x000010d5   Thumb Code    22  thread1.o(.text)
    thread1                                  0x000010eb   Thumb Code   134  thread1.o(.text)
    Init_thread2                             0x000012e9   Thumb Code    36  thread2.o(.text)
    Terminate_thread2                        0x0000130d   Thumb Code    22  thread2.o(.text)
    thread2                                  0x00001323   Thumb Code   134  thread2.o(.text)
    Init_thread3                             0x00001521   Thumb Code    36  thread3.o(.text)
    Terminate_thread3                        0x00001545   Thumb Code    22  thread3.o(.text)
    thread3                                  0x0000155b   Thumb Code    72  thread3.o(.text)
    task1                                    0x00001679   Thumb Code    10  thread4.o(.text)
    Init_thread4                             0x00001683   Thumb Code    36  thread4.o(.text)
    Terminate_thread4                        0x000016a7   Thumb Code    22  thread4.o(.text)
    thread4                                  0x000016bd   Thumb Code   196  thread4.o(.text)
    task0                                    0x00001991   Thumb Code    10  thread5.o(.text)
    Init_thread5                             0x0000199b   Thumb Code    36  thread5.o(.text)
    Terminate_thread5                        0x000019bf   Thumb Code    22  thread5.o(.text)
    thread5                                  0x000019d5   Thumb Code   204  thread5.o(.text)
    main                                     0x00001c19   Thumb Code   166  main.o(.text)
    USART_SetBaudrate                        0x00001de1   Thumb Code    48  usart_tm4c123.o(.text)
    UART0_IRQHandler                         0x0000252d   Thumb Code    10  usart_tm4c123.o(.text)
    SystemCoreClockUpdate                    0x0000253d   Thumb Code     8  cu_system_tm4c123.o(.text)
    SystemInit                               0x00002545   Thumb Code    20  cu_system_tm4c123.o(.text)
    Reset_Handler                            0x00002565   Thumb Code     8  startup_tm4c123.o(.text)
    NMI_Handler                              0x0000256d   Thumb Code     2  startup_tm4c123.o(.text)
    MemManage_Handler                        0x00002571   Thumb Code     2  startup_tm4c123.o(.text)
    BusFault_Handler                         0x00002573   Thumb Code     2  startup_tm4c123.o(.text)
    UsageFault_Handler                       0x00002575   Thumb Code     2  startup_tm4c123.o(.text)
    DebugMon_Handler                         0x00002579   Thumb Code     2  startup_tm4c123.o(.text)
    GPIOA_Handler                            0x0000257f   Thumb Code     2  startup_tm4c123.o(.text)
    GPIOB_Handler                            0x00002581   Thumb Code     2  startup_tm4c123.o(.text)
    GPIOC_Handler                            0x00002583   Thumb Code     2  startup_tm4c123.o(.text)
    GPIOD_Handler                            0x00002585   Thumb Code     2  startup_tm4c123.o(.text)
    GPIOE_Handler                            0x00002587   Thumb Code     2  startup_tm4c123.o(.text)
    UART0_Handler                            0x00002589   Thumb Code     2  startup_tm4c123.o(.text)
    UART1_Handler                            0x0000258b   Thumb Code     2  startup_tm4c123.o(.text)
    SSI0_Handler                             0x0000258d   Thumb Code     2  startup_tm4c123.o(.text)
    I2C0_Handler                             0x0000258f   Thumb Code     2  startup_tm4c123.o(.text)
    PMW0_FAULT_Handler                       0x00002591   Thumb Code     2  startup_tm4c123.o(.text)
    PWM0_0_Handler                           0x00002593   Thumb Code     2  startup_tm4c123.o(.text)
    PWM0_1_Handler                           0x00002595   Thumb Code     2  startup_tm4c123.o(.text)
    PWM0_2_Handler                           0x00002597   Thumb Code     2  startup_tm4c123.o(.text)
    QEI0_Handler                             0x00002599   Thumb Code     2  startup_tm4c123.o(.text)
    ADC0SS0_Handler                          0x0000259b   Thumb Code     2  startup_tm4c123.o(.text)
    ADC0SS1_Handler                          0x0000259d   Thumb Code     2  startup_tm4c123.o(.text)
    ADC0SS2_Handler                          0x0000259f   Thumb Code     2  startup_tm4c123.o(.text)
    ADC0SS3_Handler                          0x000025a1   Thumb Code     2  startup_tm4c123.o(.text)
    WDT0_Handler                             0x000025a3   Thumb Code     2  startup_tm4c123.o(.text)
    TIMER0A_Handler                          0x000025a5   Thumb Code     2  startup_tm4c123.o(.text)
    TIMER0B_Handler                          0x000025a7   Thumb Code     2  startup_tm4c123.o(.text)
    TIMER1A_Handler                          0x000025a9   Thumb Code     2  startup_tm4c123.o(.text)
    TIMER1B_Handler                          0x000025ab   Thumb Code     2  startup_tm4c123.o(.text)
    TIMER2A_Handler                          0x000025ad   Thumb Code     2  startup_tm4c123.o(.text)
    TIMER2B_Handler                          0x000025af   Thumb Code     2  startup_tm4c123.o(.text)
    COMP0_Handler                            0x000025b1   Thumb Code     2  startup_tm4c123.o(.text)
    COMP1_Handler                            0x000025b3   Thumb Code     2  startup_tm4c123.o(.text)
    COMP2_Handler                            0x000025b5   Thumb Code     2  startup_tm4c123.o(.text)
    SYSCTL_Handler                           0x000025b7   Thumb Code     2  startup_tm4c123.o(.text)
    FLASH_Handler                            0x000025b9   Thumb Code     2  startup_tm4c123.o(.text)
    GPIOF_Handler                            0x000025bb   Thumb Code     2  startup_tm4c123.o(.text)
    GPIOG_Handler                            0x000025bd   Thumb Code     2  startup_tm4c123.o(.text)
    GPIOH_Handler                            0x000025bf   Thumb Code     2  startup_tm4c123.o(.text)
    UART2_Handler                            0x000025c1   Thumb Code     2  startup_tm4c123.o(.text)
    SSI1_Handler                             0x000025c3   Thumb Code     2  startup_tm4c123.o(.text)
    TIMER3A_Handler                          0x000025c5   Thumb Code     2  startup_tm4c123.o(.text)
    TIMER3B_Handler                          0x000025c7   Thumb Code     2  startup_tm4c123.o(.text)
    I2C1_Handler                             0x000025c9   Thumb Code     2  startup_tm4c123.o(.text)
    QEI1_Handler                             0x000025cb   Thumb Code     2  startup_tm4c123.o(.text)
    CAN0_Handler                             0x000025cd   Thumb Code     2  startup_tm4c123.o(.text)
    CAN1_Handler                             0x000025cf   Thumb Code     2  startup_tm4c123.o(.text)
    CAN2_Handler                             0x000025d1   Thumb Code     2  startup_tm4c123.o(.text)
    HIB_Handler                              0x000025d3   Thumb Code     2  startup_tm4c123.o(.text)
    USB0_Handler                             0x000025d5   Thumb Code     2  startup_tm4c123.o(.text)
    PWM0_3_Handler                           0x000025d7   Thumb Code     2  startup_tm4c123.o(.text)
    UDMA_Handler                             0x000025d9   Thumb Code     2  startup_tm4c123.o(.text)
    UDMAERR_Handler                          0x000025db   Thumb Code     2  startup_tm4c123.o(.text)
    ADC1SS0_Handler                          0x000025dd   Thumb Code     2  startup_tm4c123.o(.text)
    ADC1SS1_Handler                          0x000025df   Thumb Code     2  startup_tm4c123.o(.text)
    ADC1SS2_Handler                          0x000025e1   Thumb Code     2  startup_tm4c123.o(.text)
    ADC1SS3_Handler                          0x000025e3   Thumb Code     2  startup_tm4c123.o(.text)
    GPIOJ_Handler                            0x000025e5   Thumb Code     2  startup_tm4c123.o(.text)
    GPIOK_Handler                            0x000025e7   Thumb Code     2  startup_tm4c123.o(.text)
    GPIOL_Handler                            0x000025e9   Thumb Code     2  startup_tm4c123.o(.text)
    SSI2_Handler                             0x000025eb   Thumb Code     2  startup_tm4c123.o(.text)
    SSI3_Handler                             0x000025ed   Thumb Code     2  startup_tm4c123.o(.text)
    UART3_Handler                            0x000025ef   Thumb Code     2  startup_tm4c123.o(.text)
    UART4_Handler                            0x000025f1   Thumb Code     2  startup_tm4c123.o(.text)
    UART5_Handler                            0x000025f3   Thumb Code     2  startup_tm4c123.o(.text)
    UART6_Handler                            0x000025f5   Thumb Code     2  startup_tm4c123.o(.text)
    UART7_Handler                            0x000025f7   Thumb Code     2  startup_tm4c123.o(.text)
    I2C2_Handler                             0x000025f9   Thumb Code     2  startup_tm4c123.o(.text)
    I2C3_Handler                             0x000025fb   Thumb Code     2  startup_tm4c123.o(.text)
    TIMER4A_Handler                          0x000025fd   Thumb Code     2  startup_tm4c123.o(.text)
    TIMER4B_Handler                          0x000025ff   Thumb Code     2  startup_tm4c123.o(.text)
    TIMER5A_Handler                          0x00002601   Thumb Code     2  startup_tm4c123.o(.text)
    TIMER5B_Handler                          0x00002603   Thumb Code     2  startup_tm4c123.o(.text)
    WTIMER0A_Handler                         0x00002605   Thumb Code     2  startup_tm4c123.o(.text)
    WTIMER0B_Handler                         0x00002607   Thumb Code     2  startup_tm4c123.o(.text)
    WTIMER1A_Handler                         0x00002609   Thumb Code     2  startup_tm4c123.o(.text)
    WTIMER1B_Handler                         0x0000260b   Thumb Code     2  startup_tm4c123.o(.text)
    WTIMER2A_Handler                         0x0000260d   Thumb Code     2  startup_tm4c123.o(.text)
    WTIMER2B_Handler                         0x0000260f   Thumb Code     2  startup_tm4c123.o(.text)
    WTIMER3A_Handler                         0x00002611   Thumb Code     2  startup_tm4c123.o(.text)
    WTIMER3B_Handler                         0x00002613   Thumb Code     2  startup_tm4c123.o(.text)
    WTIMER4A_Handler                         0x00002615   Thumb Code     2  startup_tm4c123.o(.text)
    WTIMER4B_Handler                         0x00002617   Thumb Code     2  startup_tm4c123.o(.text)
    WTIMER5A_Handler                         0x00002619   Thumb Code     2  startup_tm4c123.o(.text)
    WTIMER5B_Handler                         0x0000261b   Thumb Code     2  startup_tm4c123.o(.text)
    FPU_Handler                              0x0000261d   Thumb Code     2  startup_tm4c123.o(.text)
    I2C4_Handler                             0x0000261f   Thumb Code     2  startup_tm4c123.o(.text)
    I2C5_Handler                             0x00002621   Thumb Code     2  startup_tm4c123.o(.text)
    GPIOM_Handler                            0x00002623   Thumb Code     2  startup_tm4c123.o(.text)
    GPION_Handler                            0x00002625   Thumb Code     2  startup_tm4c123.o(.text)
    QEI2_Handler                             0x00002627   Thumb Code     2  startup_tm4c123.o(.text)
    GPIOP0_Handler                           0x00002629   Thumb Code     2  startup_tm4c123.o(.text)
    GPIOP1_Handler                           0x0000262b   Thumb Code     2  startup_tm4c123.o(.text)
    GPIOP2_Handler                           0x0000262d   Thumb Code     2  startup_tm4c123.o(.text)
    GPIOP3_Handler                           0x0000262f   Thumb Code     2  startup_tm4c123.o(.text)
    GPIOP4_Handler                           0x00002631   Thumb Code     2  startup_tm4c123.o(.text)
    GPIOP5_Handler                           0x00002633   Thumb Code     2  startup_tm4c123.o(.text)
    GPIOP6_Handler                           0x00002635   Thumb Code     2  startup_tm4c123.o(.text)
    GPIOP7_Handler                           0x00002637   Thumb Code     2  startup_tm4c123.o(.text)
    GPIOQ0_Handler                           0x00002639   Thumb Code     2  startup_tm4c123.o(.text)
    GPIOQ1_Handler                           0x0000263b   Thumb Code     2  startup_tm4c123.o(.text)
    GPIOQ2_Handler                           0x0000263d   Thumb Code     2  startup_tm4c123.o(.text)
    GPIOQ3_Handler                           0x0000263f   Thumb Code     2  startup_tm4c123.o(.text)
    GPIOQ4_Handler                           0x00002641   Thumb Code     2  startup_tm4c123.o(.text)
    GPIOQ5_Handler                           0x00002643   Thumb Code     2  startup_tm4c123.o(.text)
    GPIOQ6_Handler                           0x00002645   Thumb Code     2  startup_tm4c123.o(.text)
    GPIOQ7_Handler                           0x00002647   Thumb Code     2  startup_tm4c123.o(.text)
    GPIOR_Handler                            0x00002649   Thumb Code     2  startup_tm4c123.o(.text)
    GPIOS_Handler                            0x0000264b   Thumb Code     2  startup_tm4c123.o(.text)
    PMW1_0_Handler                           0x0000264d   Thumb Code     2  startup_tm4c123.o(.text)
    PWM1_1_Handler                           0x0000264f   Thumb Code     2  startup_tm4c123.o(.text)
    PWM1_2_Handler                           0x00002651   Thumb Code     2  startup_tm4c123.o(.text)
    PWM1_3_Handler                           0x00002653   Thumb Code     2  startup_tm4c123.o(.text)
    PWM1_FAULT_Handler                       0x00002655   Thumb Code     2  startup_tm4c123.o(.text)
    __user_initial_stackheap                 0x00002659   Thumb Code     0  startup_tm4c123.o(.text)
    __I$use$semihosting                      0x00002679   Thumb Code     0  use_no_semi.o(.text)
    __use_no_semihosting_swi                 0x00002679   Thumb Code     2  use_no_semi.o(.text)
    __aeabi_uldivmod                         0x0000267b   Thumb Code     0  lludivv7m.o(.text)
    _ll_udiv                                 0x0000267b   Thumb Code   238  lludivv7m.o(.text)
    __2printf                                0x00002769   Thumb Code    20  noretval__2printf.o(.text)
    __printf                                 0x00002781   Thumb Code   104  __printf.o(.text)
    _printf_str                              0x000027e9   Thumb Code    82  _printf_str.o(.text)
    _printf_int_dec                          0x0000283d   Thumb Code   104  _printf_dec.o(.text)
    strcpy                                   0x000028b5   Thumb Code    72  strcpy.o(.text)
    strlen                                   0x000028fd   Thumb Code    62  strlen.o(.text)
    __aeabi_memclr                           0x0000293b   Thumb Code     0  rt_memclr.o(.text)
    __rt_memclr                              0x0000293b   Thumb Code    68  rt_memclr.o(.text)
    _memset                                  0x0000293f   Thumb Code     0  rt_memclr.o(.text)
    __use_two_region_memory                  0x0000297f   Thumb Code     2  heapauxi.o(.text)
    __rt_heap_escrow$2region                 0x00002981   Thumb Code     2  heapauxi.o(.text)
    __rt_heap_expand$2region                 0x00002983   Thumb Code     2  heapauxi.o(.text)
    _printf_int_common                       0x00002985   Thumb Code   178  _printf_intcommon.o(.text)
    _printf_cs_common                        0x00002a37   Thumb Code    20  _printf_char.o(.text)
    _printf_char                             0x00002a4b   Thumb Code    16  _printf_char.o(.text)
    _printf_string                           0x00002a5b   Thumb Code     8  _printf_char.o(.text)
    _printf_char_file                        0x00002a65   Thumb Code    32  _printf_char_file.o(.text)
    __aeabi_memclr4                          0x00002a89   Thumb Code     0  rt_memclr_w.o(.text)
    __aeabi_memclr8                          0x00002a89   Thumb Code     0  rt_memclr_w.o(.text)
    __rt_memclr_w                            0x00002a89   Thumb Code    78  rt_memclr_w.o(.text)
    _memset_w                                0x00002a8d   Thumb Code     0  rt_memclr_w.o(.text)
    _printf_char_common                      0x00002ae3   Thumb Code    32  _printf_char_common.o(.text)
    __user_setup_stackheap                   0x00002b09   Thumb Code    74  sys_stackheap_outer.o(.text)
    exit                                     0x00002b53   Thumb Code    12  exit.o(.text)
    __user_libspace                          0x00002b61   Thumb Code     8  libspace.o(.text)
    __user_perproc_libspace                  0x00002b61   Thumb Code     0  libspace.o(.text)
    __user_perthread_libspace                0x00002b61   Thumb Code     0  libspace.o(.text)
    _fp_init                                 0x00002b69   Thumb Code    10  fpinit.o(x$fpl$fpinit)
    __fplib_config_fpu_vfp                   0x00002b71   Thumb Code     0  fpinit.o(x$fpl$fpinit)
    __fplib_config_pureend_doubles           0x00002b71   Thumb Code     0  fpinit.o(x$fpl$fpinit)
    Driver_USART0                            0x00002bb0   Data          56  usart_tm4c123.o(.constdata)
    Region$$Table$$Base                      0x00002be8   Number         0  anon$$obj.o(Region$$Table)
    Region$$Table$$Limit                     0x00002c08   Number         0  anon$$obj.o(Region$$Table)
    __stdout                                 0x20000000   Data           4  retarget.o(.data)
    __stdin                                  0x20000004   Data           4  retarget.o(.data)
    counter                                  0x2000000c   Data           4  peripherals.o(.data)
    trace_counter                            0x20000010   Data           4  trace.o(.data)
    systick_count                            0x20000014   Data           4  kernel.o(.data)
    curr_task                                0x20000018   Data           4  kernel.o(.data)
    svc_exc_return                           0x2000001c   Data           4  kernel.o(.data)
    kernel_running                           0x20000020   Data           4  kernel.o(.data)
    kernel_busy                              0x20000024   Data           4  kernel.o(.data)
    ticker                                   0x20000028   Data           4  kernel.o(.data)
    thread_list_h                            0x2000002c   Data           4  threads.o(.data)
    th_q_cnt                                 0x20000030   Data           4  threads.o(.data)
    rtr_q_h                                  0x20000034   Data           4  threads.o(.data)
    rtr_q_cnt                                0x20000038   Data           4  threads.o(.data)
    sem_list_h                               0x2000003c   Data           4  semaphores.o(.data)
    sem_cnt                                  0x20000040   Data           4  semaphores.o(.data)
    ResourceHead                             0x20000044   Data           4  semaphores.o(.data)
    os_thread_def_threadIdle                 0x20000048   Data          72  threadidle.o(.data)
    tid_threadIdle                           0x20000090   Data           4  threadidle.o(.data)
    sid_Semaphore1                           0x20000094   Data           4  sem1.o(.data)
    sid_Semaphore2                           0x20000098   Data           4  sem2.o(.data)
    os_thread_def_thread1                    0x2000009c   Data          72  thread1.o(.data)
    tid_thread1                              0x200000e4   Data           4  thread1.o(.data)
    os_thread_def_thread2                    0x200000e8   Data          72  thread2.o(.data)
    tid_thread2                              0x20000130   Data           4  thread2.o(.data)
    os_thread_def_thread3                    0x20000134   Data          72  thread3.o(.data)
    tid_thread3                              0x2000017c   Data           4  thread3.o(.data)
    os_thread_def_thread4                    0x20000180   Data          72  thread4.o(.data)
    tid_thread4                              0x200001c8   Data           4  thread4.o(.data)
    tid_thread5                              0x200001cc   Data           4  thread5.o(.data)
    os_thread_def_thread5                    0x200001d0   Data          72  thread5.o(.data)
    SystemCoreClock                          0x20000218   Data           4  cu_system_tm4c123.o(.data)
    trace_table                              0x2000021c   Data        3200  trace.o(.bss)
    task_stack_threadIdle                    0x20000e9c   Data         300  threadidle.o(.bss)
    os_semaphore_def_Semaphore1              0x20000fc8   Data          32  sem1.o(.bss)
    os_semaphore_def_Semaphore2              0x20000fe8   Data          32  sem2.o(.bss)
    task_stack_thread1                       0x20001008   Data         300  thread1.o(.bss)
    task_stack_thread2                       0x20001134   Data         300  thread2.o(.bss)
    task_stack_thread3                       0x20001260   Data         300  thread3.o(.bss)
    task_stack_thread4                       0x2000138c   Data         300  thread4.o(.bss)
    task_stack_thread5                       0x200014b8   Data         300  thread5.o(.bss)
    __libspace_start                         0x20001610   Data          96  libspace.o(.bss)
    __temporary_stack_top$libspace           0x20001670   Data           0  libspace.o(.bss)



==============================================================================

Memory Map of the image

  Image Entry point : 0x00002565

  Load Region LR_1 (Base: 0x00000000, Size: 0x00002e24, Max: 0xffffffff, ABSOLUTE, COMPRESSED[0x00002c4c])

    Execution Region ER_RO (Base: 0x00000000, Size: 0x00002c08, Max: 0xffffffff, ABSOLUTE)

    Base Addr    Size         Type   Attr      Idx    E Section Name        Object

    0x00000000   0x0000026c   Data   RO          555    RESET               startup_tm4c123.o
    0x0000026c   0x00000008   Code   RO          607  * !!!main             c_w.l(__main.o)
    0x00000274   0x00000034   Code   RO          782    !!!scatter          c_w.l(__scatter.o)
    0x000002a8   0x0000005a   Code   RO          780    !!dczerorl2         c_w.l(__dczerorl2.o)
    0x00000302   0x00000002   PAD
    0x00000304   0x0000001c   Code   RO          784    !!handler_zi        c_w.l(__scatter_zi.o)
    0x00000320   0x00000000   Code   RO          598    .ARM.Collect$$_printf_percent$$00000000  c_w.l(_printf_percent.o)
    0x00000320   0x00000006   Code   RO          597    .ARM.Collect$$_printf_percent$$00000009  c_w.l(_printf_d.o)
    0x00000326   0x00000006   Code   RO          596    .ARM.Collect$$_printf_percent$$00000014  c_w.l(_printf_s.o)
    0x0000032c   0x00000004   Code   RO          620    .ARM.Collect$$_printf_percent$$00000017  c_w.l(_printf_percent_end.o)
    0x00000330   0x00000002   Code   RO          657    .ARM.Collect$$libinit$$00000000  c_w.l(libinit.o)
    0x00000332   0x00000004   Code   RO          669    .ARM.Collect$$libinit$$00000001  c_w.l(libinit2.o)
    0x00000336   0x00000000   Code   RO          672    .ARM.Collect$$libinit$$00000004  c_w.l(libinit2.o)
    0x00000336   0x00000000   Code   RO          675    .ARM.Collect$$libinit$$0000000A  c_w.l(libinit2.o)
    0x00000336   0x00000000   Code   RO          677    .ARM.Collect$$libinit$$0000000C  c_w.l(libinit2.o)
    0x00000336   0x00000000   Code   RO          679    .ARM.Collect$$libinit$$0000000E  c_w.l(libinit2.o)
    0x00000336   0x00000000   Code   RO          682    .ARM.Collect$$libinit$$00000011  c_w.l(libinit2.o)
    0x00000336   0x00000000   Code   RO          684    .ARM.Collect$$libinit$$00000013  c_w.l(libinit2.o)
    0x00000336   0x00000000   Code   RO          686    .ARM.Collect$$libinit$$00000015  c_w.l(libinit2.o)
    0x00000336   0x00000000   Code   RO          688    .ARM.Collect$$libinit$$00000017  c_w.l(libinit2.o)
    0x00000336   0x00000000   Code   RO          690    .ARM.Collect$$libinit$$00000019  c_w.l(libinit2.o)
    0x00000336   0x00000000   Code   RO          692    .ARM.Collect$$libinit$$0000001B  c_w.l(libinit2.o)
    0x00000336   0x00000000   Code   RO          694    .ARM.Collect$$libinit$$0000001D  c_w.l(libinit2.o)
    0x00000336   0x00000000   Code   RO          696    .ARM.Collect$$libinit$$0000001F  c_w.l(libinit2.o)
    0x00000336   0x00000000   Code   RO          698    .ARM.Collect$$libinit$$00000021  c_w.l(libinit2.o)
    0x00000336   0x00000000   Code   RO          700    .ARM.Collect$$libinit$$00000023  c_w.l(libinit2.o)
    0x00000336   0x00000000   Code   RO          702    .ARM.Collect$$libinit$$00000025  c_w.l(libinit2.o)
    0x00000336   0x00000000   Code   RO          706    .ARM.Collect$$libinit$$0000002C  c_w.l(libinit2.o)
    0x00000336   0x00000000   Code   RO          708    .ARM.Collect$$libinit$$0000002E  c_w.l(libinit2.o)
    0x00000336   0x00000000   Code   RO          710    .ARM.Collect$$libinit$$00000030  c_w.l(libinit2.o)
    0x00000336   0x00000000   Code   RO          712    .ARM.Collect$$libinit$$00000032  c_w.l(libinit2.o)
    0x00000336   0x00000002   Code   RO          713    .ARM.Collect$$libinit$$00000033  c_w.l(libinit2.o)
    0x00000338   0x00000002   Code   RO          737    .ARM.Collect$$libshutdown$$00000000  c_w.l(libshutdown.o)
    0x0000033a   0x00000000   Code   RO          764    .ARM.Collect$$libshutdown$$00000003  c_w.l(libshutdown2.o)
    0x0000033a   0x00000000   Code   RO          767    .ARM.Collect$$libshutdown$$00000006  c_w.l(libshutdown2.o)
    0x0000033a   0x00000000   Code   RO          770    .ARM.Collect$$libshutdown$$00000009  c_w.l(libshutdown2.o)
    0x0000033a   0x00000000   Code   RO          772    .ARM.Collect$$libshutdown$$0000000B  c_w.l(libshutdown2.o)
    0x0000033a   0x00000000   Code   RO          775    .ARM.Collect$$libshutdown$$0000000E  c_w.l(libshutdown2.o)
    0x0000033a   0x00000002   Code   RO          776    .ARM.Collect$$libshutdown$$0000000F  c_w.l(libshutdown2.o)
    0x0000033c   0x00000000   Code   RO          609    .ARM.Collect$$rtentry$$00000000  c_w.l(__rtentry.o)
    0x0000033c   0x00000000   Code   RO          624    .ARM.Collect$$rtentry$$00000002  c_w.l(__rtentry2.o)
    0x0000033c   0x00000006   Code   RO          636    .ARM.Collect$$rtentry$$00000004  c_w.l(__rtentry4.o)
    0x00000342   0x00000000   Code   RO          626    .ARM.Collect$$rtentry$$00000009  c_w.l(__rtentry2.o)
    0x00000342   0x00000004   Code   RO          627    .ARM.Collect$$rtentry$$0000000A  c_w.l(__rtentry2.o)
    0x00000346   0x00000000   Code   RO          629    .ARM.Collect$$rtentry$$0000000C  c_w.l(__rtentry2.o)
    0x00000346   0x00000008   Code   RO          630    .ARM.Collect$$rtentry$$0000000D  c_w.l(__rtentry2.o)
    0x0000034e   0x00000002   Code   RO          661    .ARM.Collect$$rtexit$$00000000  c_w.l(rtexit.o)
    0x00000350   0x00000000   Code   RO          715    .ARM.Collect$$rtexit$$00000002  c_w.l(rtexit2.o)
    0x00000350   0x00000004   Code   RO          716    .ARM.Collect$$rtexit$$00000003  c_w.l(rtexit2.o)
    0x00000354   0x00000006   Code   RO          717    .ARM.Collect$$rtexit$$00000004  c_w.l(rtexit2.o)
    0x0000035a   0x00000002   PAD
    0x0000035c   0x00000086   Code   RO          196    .emb_text           kernel.o
    0x000003e2   0x00000002   PAD
    0x000003e4   0x00000064   Code   RO            4    .text               retarget.o
    0x00000448   0x000000e0   Code   RO          125    .text               peripherals.o
    0x00000528   0x000000a4   Code   RO          158    .text               trace.o
    0x000005cc   0x000001c0   Code   RO          197    .text               kernel.o
    0x0000078c   0x00000180   Code   RO          253    .text               threads.o
    0x0000090c   0x000005ec   Code   RO          282    .text               semaphores.o
    0x00000ef8   0x00000088   Code   RO          301    .text               threadidle.o
    0x00000f80   0x00000088   Code   RO          320    .text               protectedtrace.o
    0x00001008   0x00000054   Code   RO          332    .text               sem1.o
    0x0000105c   0x00000054   Code   RO          352    .text               sem2.o
    0x000010b0   0x00000238   Code   RO          372    .text               thread1.o
    0x000012e8   0x00000238   Code   RO          392    .text               thread2.o
    0x00001520   0x00000158   Code   RO          412    .text               thread3.o
    0x00001678   0x00000318   Code   RO          432    .text               thread4.o
    0x00001990   0x00000288   Code   RO          452    .text               thread5.o
    0x00001c18   0x000001c8   Code   RO          472    .text               main.o
    0x00001de0   0x0000075c   Code   RO          495    .text               usart_tm4c123.o
    0x0000253c   0x00000028   Code   RO          526    .text               cu_system_tm4c123.o
    0x00002564   0x00000114   Code   RO          556  * .text               startup_tm4c123.o
    0x00002678   0x00000002   Code   RO          562    .text               c_w.l(use_no_semi.o)
    0x0000267a   0x000000ee   Code   RO          564    .text               c_w.l(lludivv7m.o)
    0x00002768   0x00000018   Code   RO          568    .text               c_w.l(noretval__2printf.o)
    0x00002780   0x00000068   Code   RO          570    .text               c_w.l(__printf.o)
    0x000027e8   0x00000052   Code   RO          572    .text               c_w.l(_printf_str.o)
    0x0000283a   0x00000002   PAD
    0x0000283c   0x00000078   Code   RO          574    .text               c_w.l(_printf_dec.o)
    0x000028b4   0x00000048   Code   RO          599    .text               c_w.l(strcpy.o)
    0x000028fc   0x0000003e   Code   RO          601    .text               c_w.l(strlen.o)
    0x0000293a   0x00000044   Code   RO          603    .text               c_w.l(rt_memclr.o)
    0x0000297e   0x00000006   Code   RO          605    .text               c_w.l(heapauxi.o)
    0x00002984   0x000000b2   Code   RO          614    .text               c_w.l(_printf_intcommon.o)
    0x00002a36   0x0000002c   Code   RO          616    .text               c_w.l(_printf_char.o)
    0x00002a62   0x00000002   PAD
    0x00002a64   0x00000024   Code   RO          618    .text               c_w.l(_printf_char_file.o)
    0x00002a88   0x0000004e   Code   RO          621    .text               c_w.l(rt_memclr_w.o)
    0x00002ad6   0x00000002   PAD
    0x00002ad8   0x00000030   Code   RO          640    .text               c_w.l(_printf_char_common.o)
    0x00002b08   0x0000004a   Code   RO          642    .text               c_w.l(sys_stackheap_outer.o)
    0x00002b52   0x0000000c   Code   RO          646    .text               c_w.l(exit.o)
    0x00002b5e   0x00000002   PAD
    0x00002b60   0x00000008   Code   RO          658    .text               c_w.l(libspace.o)
    0x00002b68   0x0000000a   Code   RO          727    x$fpl$fpinit        fz_wm.l(fpinit.o)
    0x00002b72   0x00000002   PAD
    0x00002b74   0x00000074   Data   RO          497    .constdata          usart_tm4c123.o
    0x00002be8   0x00000020   Data   RO          778    Region$$Table       anon$$obj.o


    Execution Region ER_RW (Base: 0x20000000, Size: 0x0000021c, Max: 0xffffffff, ABSOLUTE, COMPRESSED[0x00000044])

    Base Addr    Size         Type   Attr      Idx    E Section Name        Object

    0x20000000   0x00000009   Data   RW            5    .data               retarget.o
    0x20000009   0x00000003   PAD
    0x2000000c   0x00000004   Data   RW          126    .data               peripherals.o
    0x20000010   0x00000004   Data   RW          160    .data               trace.o
    0x20000014   0x00000018   Data   RW          198    .data               kernel.o
    0x2000002c   0x00000010   Data   RW          254    .data               threads.o
    0x2000003c   0x0000000c   Data   RW          283    .data               semaphores.o
    0x20000048   0x0000004c   Data   RW          303    .data               threadidle.o
    0x20000094   0x00000004   Data   RW          334    .data               sem1.o
    0x20000098   0x00000004   Data   RW          354    .data               sem2.o
    0x2000009c   0x0000004c   Data   RW          374    .data               thread1.o
    0x200000e8   0x0000004c   Data   RW          394    .data               thread2.o
    0x20000134   0x0000004c   Data   RW          414    .data               thread3.o
    0x20000180   0x0000004c   Data   RW          434    .data               thread4.o
    0x200001cc   0x0000004c   Data   RW          454    .data               thread5.o
    0x20000218   0x00000004   Data   RW          527    .data               cu_system_tm4c123.o


    Execution Region ER_ZI (Base: 0x2000021c, Size: 0x00001654, Max: 0xffffffff, ABSOLUTE)

    Base Addr    Size         Type   Attr      Idx    E Section Name        Object

    0x2000021c   0x00000c80   Zero   RW          159    .bss                trace.o
    0x20000e9c   0x0000012c   Zero   RW          302    .bss                threadidle.o
    0x20000fc8   0x00000020   Zero   RW          333    .bss                sem1.o
    0x20000fe8   0x00000020   Zero   RW          353    .bss                sem2.o
    0x20001008   0x0000012c   Zero   RW          373    .bss                thread1.o
    0x20001134   0x0000012c   Zero   RW          393    .bss                thread2.o
    0x20001260   0x0000012c   Zero   RW          413    .bss                thread3.o
    0x2000138c   0x0000012c   Zero   RW          433    .bss                thread4.o
    0x200014b8   0x0000012c   Zero   RW          453    .bss                thread5.o
    0x200015e4   0x0000002c   Zero   RW          496    .bss                usart_tm4c123.o
    0x20001610   0x00000060   Zero   RW          659    .bss                c_w.l(libspace.o)
    0x20001670   0x00000000   Zero   RW          554    HEAP                startup_tm4c123.o
    0x20001670   0x00000200   Zero   RW          553    STACK               startup_tm4c123.o


==============================================================================

Image component sizes


      Code (inc. data)   RO Data    RW Data    ZI Data      Debug   Object Name

        40         12          0          4          0        893   cu_system_tm4c123.o
       582         48          0         24          0      36111   kernel.o
       456        290          0          0          0        623   main.o
       224         28          0          4          0       2235   peripherals.o
       136         24          0          0          0        799   protectedtrace.o
       100         12          0          9          0     189464   retarget.o
        84         24          0          4         32       1089   sem1.o
        84         24          0          4         32       1017   sem2.o
      1516         26          0         12          0       8357   semaphores.o
       276         24        620          0        512       5468   startup_tm4c123.o
       568        376          0         76        300       1728   thread1.o
       568        376          0         76        300       1724   thread2.o
       344        214          0         76        300       1676   thread3.o
       792        528          0         76        300       1858   thread4.o
       648        376          0         76        300       1842   thread5.o
       136         72          0         76        300       1634   threadidle.o
       384         22          0         16          0       7164   threads.o
       164         16          0          4       3200       2269   trace.o
      1884         16        116          0         44      11029   usart_tm4c123.o

    ----------------------------------------------------------------------
      8988       2508        768        540       5620     276980   Object Totals
         0          0         32          0          0          0   (incl. Generated)
         2          0          0          3          0          0   (incl. Padding)

    ----------------------------------------------------------------------

      Code (inc. data)   RO Data    RW Data    ZI Data      Debug   Library Member Name

        90          0          0          0          0          0   __dczerorl2.o
         8          0          0          0          0         68   __main.o
       104          0          0          0          0         84   __printf.o
         0          0          0          0          0          0   __rtentry.o
        12          0          0          0          0          0   __rtentry2.o
         6          0          0          0          0          0   __rtentry4.o
        52          8          0          0          0          0   __scatter.o
        28          0          0          0          0          0   __scatter_zi.o
        44          0          0          0          0        108   _printf_char.o
        48          6          0          0          0         96   _printf_char_common.o
        36          4          0          0          0         80   _printf_char_file.o
         6          0          0          0          0          0   _printf_d.o
       120         16          0          0          0         92   _printf_dec.o
       178          0          0          0          0         88   _printf_intcommon.o
         0          0          0          0          0          0   _printf_percent.o
         4          0          0          0          0          0   _printf_percent_end.o
         6          0          0          0          0          0   _printf_s.o
        82          0          0          0          0         80   _printf_str.o
        12          0          0          0          0         72   exit.o
         6          0          0          0          0        152   heapauxi.o
         2          0          0          0          0          0   libinit.o
         6          0          0          0          0          0   libinit2.o
         2          0          0          0          0          0   libshutdown.o
         2          0          0          0          0          0   libshutdown2.o
         8          4          0          0         96         68   libspace.o
       238          0          0          0          0        100   lludivv7m.o
        24          4          0          0          0         84   noretval__2printf.o
        68          0          0          0          0         68   rt_memclr.o
        78          0          0          0          0         80   rt_memclr_w.o
         2          0          0          0          0          0   rtexit.o
        10          0          0          0          0          0   rtexit2.o
        72          0          0          0          0         80   strcpy.o
        62          0          0          0          0         76   strlen.o
        74          0          0          0          0         80   sys_stackheap_outer.o
         2          0          0          0          0         68   use_no_semi.o
        10          0          0          0          0        116   fpinit.o

    ----------------------------------------------------------------------
      1516         42          0          0         96       1740   Library Totals
        14          0          0          0          0          0   (incl. Padding)

    ----------------------------------------------------------------------

      Code (inc. data)   RO Data    RW Data    ZI Data      Debug   Library Name

      1492         42          0          0         96       1624   c_w.l
        10          0          0          0          0        116   fz_wm.l

    ----------------------------------------------------------------------
      1516         42          0          0         96       1740   Library Totals

    ----------------------------------------------------------------------

==============================================================================


      Code (inc. data)   RO Data    RW Data    ZI Data      Debug   

     10504       2550        768        540       5716     274940   Grand Totals
     10504       2550        768         68       5716     274940   ELF Image Totals (compressed)
     10504       2550        768         68          0          0   ROM Totals

==============================================================================

    Total RO  Size (Code + RO Data)                11272 (  11.01kB)
    Total RW  Size (RW Data + ZI Data)              6256 (   6.11kB)
    Total ROM Size (Code + RO Data + RW Data)      11340 (  11.07kB)

==============================================================================

